<html>
<body>
<pre>
<h1>µVision Build Log</h1>
<h2>Tool Versions:</h2>
IDE-Version: ¦ÌVision V5.14.2.1
Copyright (C) 2015 ARM Ltd and ARM Germany GmbH. All rights reserved.
License Information: 1 940668578@qq.com, 1, LIC=47GU5-G7DTV-Y84FK-Z1AKG-5LI2C-RHCJV
 
Tool Versions:
Toolchain:       MDK-ARM Plus  Version: 5.24.1
Toolchain Path:  D:\Keil_v5\ARM\ARMCC\Bin
C Compiler:      Armcc.exe V5.06 update 5 (build 528)
Assembler:       Armasm.exe V5.06 update 5 (build 528)
Linker/Locator:  ArmLink.exe V5.06 update 5 (build 528)
Library Manager: ArmAr.exe V5.06 update 5 (build 528)
Hex Converter:   FromElf.exe V5.06 update 5 (build 528)
CPU DLL:         SARMCM3.DLL V5.24.1
Dialog DLL:      DCM.DLL V1.16.0.0
Target DLL:      STLink\ST-LINKIII-KEIL_SWO.dll V3.0.1.0
Dialog DLL:      TCM.DLL V1.32.0.0
 
<h2>Project:</h2>
C:\Users\94066\Desktop\end houzhuang\version5\sbxxq\MDK-ARM\sbxxq.uvprojx
Project File Date:  07/04/2025

<h2>Output:</h2>
*** Using Compiler 'V5.06 update 5 (build 528)', folder: 'D:\Keil_v5\ARM\ARMCC\Bin'
Build target 'sbxxq'
compiling motor_control.c...
../Core/Inc/motor_control.h(130): warning:  #1295-D: Deprecated declaration motorTurnLeft - give arg types
  void motorTurnLeft();
../Core/Inc/motor_control.h(136): warning:  #1295-D: Deprecated declaration motorTurnRight - give arg types
  void motorTurnRight();
..\Core\Src\motor_control.c(165): warning:  #223-D: function "snprintf" declared implicitly
      snprintf(buf, sizeof(buf), "%ld,%ld,%.3f,%.3f\n", motor1_speed, motor2_speed, speedA, speedB);
..\Core\Src\motor_control.c(102): warning:  #177-D: variable "key_last"  was declared but never referenced
    uint8_t key_last = 1;
..\Core\Src\motor_control.c: 4 warnings, 0 errors
linking...
Program Size: Code=25354 RO-data=710 RW-data=168 ZI-data=4696  
FromELF: creating hex file...
"sbxxq\sbxxq.axf" - 0 Error(s), 4 Warning(s).

<h2>Software Packages used:</h2>

Package Vendor: ARM
                http://www.keil.com/pack/ARM.CMSIS.5.0.1.pack
                ARM::CMSIS:CORE:5.0.1
                CMSIS (Cortex Microcontroller Software Interface Standard)
   * Component: CORE Version: 5.0.1

<h2>Collection of Component include folders:</h2>
  C:\Users\94066\Desktop\end houzhuang\version5\sbxxq\MDK-ARM\RTE
  D:\Keil_v5\ARM\PACK\ARM\CMSIS\5.0.1\CMSIS\Include
  D:\Keil_v5\ARM\PACK\Keil\STM32F4xx_DFP\2.7.0\Drivers\CMSIS\Device\ST\STM32F4xx\Include

<h2>Collection of Component Files used:</h2>

   * Component: ARM::CMSIS:CORE:5.0.1
</pre>
</body>
</html>
