Component: ARM Compiler 5.06 update 5 (build 528) Tool: armlink [4d35e2]

==============================================================================

Section Cross References

    startup_stm32f446xx.o(STACK) refers (Special) to heapauxi.o(.text) for __use_two_region_memory
    startup_stm32f446xx.o(HEAP) refers (Special) to heapauxi.o(.text) for __use_two_region_memory
    startup_stm32f446xx.o(RESET) refers (Special) to heapauxi.o(.text) for __use_two_region_memory
    startup_stm32f446xx.o(RESET) refers to startup_stm32f446xx.o(STACK) for __initial_sp
    startup_stm32f446xx.o(RESET) refers to startup_stm32f446xx.o(.text) for Reset_Handler
    startup_stm32f446xx.o(RESET) refers to stm32f4xx_it.o(i.NMI_Handler) for NMI_Handler
    startup_stm32f446xx.o(RESET) refers to stm32f4xx_it.o(i.HardFault_Handler) for HardFault_Handler
    startup_stm32f446xx.o(RESET) refers to stm32f4xx_it.o(i.MemManage_Handler) for MemManage_Handler
    startup_stm32f446xx.o(RESET) refers to stm32f4xx_it.o(i.BusFault_Handler) for BusFault_Handler
    startup_stm32f446xx.o(RESET) refers to stm32f4xx_it.o(i.UsageFault_Handler) for UsageFault_Handler
    startup_stm32f446xx.o(RESET) refers to stm32f4xx_it.o(i.SVC_Handler) for SVC_Handler
    startup_stm32f446xx.o(RESET) refers to stm32f4xx_it.o(i.DebugMon_Handler) for DebugMon_Handler
    startup_stm32f446xx.o(RESET) refers to stm32f4xx_it.o(i.PendSV_Handler) for PendSV_Handler
    startup_stm32f446xx.o(RESET) refers to stm32f4xx_it.o(i.SysTick_Handler) for SysTick_Handler
    startup_stm32f446xx.o(RESET) refers to stm32f4xx_it.o(i.DMA1_Stream1_IRQHandler) for DMA1_Stream1_IRQHandler
    startup_stm32f446xx.o(RESET) refers to stm32f4xx_it.o(i.DMA1_Stream3_IRQHandler) for DMA1_Stream3_IRQHandler
    startup_stm32f446xx.o(RESET) refers to stm32f4xx_it.o(i.TIM1_UP_TIM10_IRQHandler) for TIM1_UP_TIM10_IRQHandler
    startup_stm32f446xx.o(RESET) refers to stm32f4xx_it.o(i.USART3_IRQHandler) for USART3_IRQHandler
    startup_stm32f446xx.o(RESET) refers to stm32f4xx_it.o(i.TIM6_DAC_IRQHandler) for TIM6_DAC_IRQHandler
    startup_stm32f446xx.o(RESET) refers to stm32f4xx_it.o(i.USART6_IRQHandler) for USART6_IRQHandler
    startup_stm32f446xx.o(.text) refers (Special) to heapauxi.o(.text) for __use_two_region_memory
    startup_stm32f446xx.o(.text) refers to system_stm32f4xx.o(i.SystemInit) for SystemInit
    startup_stm32f446xx.o(.text) refers to __main.o(!!!main) for __main
    startup_stm32f446xx.o(.text) refers to startup_stm32f446xx.o(HEAP) for Heap_Mem
    startup_stm32f446xx.o(.text) refers to startup_stm32f446xx.o(STACK) for Stack_Mem
    motor_control.o(i.Motormove) refers to _printf_percent.o(.ARM.Collect$$_printf_percent$$00000000) for _printf_percent
    motor_control.o(i.Motormove) refers to _printf_d.o(.ARM.Collect$$_printf_percent$$00000009) for _printf_d
    motor_control.o(i.Motormove) refers to _printf_f.o(.ARM.Collect$$_printf_percent$$00000003) for _printf_f
    motor_control.o(i.Motormove) refers to _printf_dec.o(.text) for _printf_int_dec
    motor_control.o(i.Motormove) refers to printf1.o(x$fpl$printf1) for _printf_fp_dec
    motor_control.o(i.Motormove) refers to pid.o(i.PID_Init) for PID_Init
    motor_control.o(i.Motormove) refers to motor_control.o(i.set_motor_speed) for set_motor_speed
    motor_control.o(i.Motormove) refers to stm32f4xx_hal.o(i.HAL_Delay) for HAL_Delay
    motor_control.o(i.Motormove) refers to encoder.o(i.EncoderA_GetCount) for EncoderA_GetCount
    motor_control.o(i.Motormove) refers to encoder.o(i.EncoderB_GetCount) for EncoderB_GetCount
    motor_control.o(i.Motormove) refers to encoder.o(i.EncoderA_GetSpeed) for EncoderA_GetSpeed
    motor_control.o(i.Motormove) refers to encoder.o(i.EncoderB_GetSpeed) for EncoderB_GetSpeed
    motor_control.o(i.Motormove) refers to d2f.o(x$fpl$d2f) for __aeabi_d2f
    motor_control.o(i.Motormove) refers to pid.o(i.PID_Incremental_Calc) for PID_Incremental_Calc
    motor_control.o(i.Motormove) refers to noretval__2snprintf.o(.text) for __2snprintf
    motor_control.o(i.Motormove) refers to wirless.o(i.Wirless_SendString) for Wirless_SendString
    motor_control.o(i.Motormove) refers to usart.o(.bss) for huart3
    motor_control.o(i.fakemove) refers to motor_control.o(i.motorStraight) for motorStraight
    motor_control.o(i.fakemove) refers to stm32f4xx_hal.o(i.HAL_Delay) for HAL_Delay
    motor_control.o(i.fakemove) refers to motor_control.o(i.motorTurnLeft) for motorTurnLeft
    motor_control.o(i.fakemove) refers to motor_control.o(i.motorTurnRight) for motorTurnRight
    motor_control.o(i.motorAB_stop) refers to motor_control.o(i.set_motor_speed) for set_motor_speed
    motor_control.o(i.motorA_backward) refers to motor_control.o(i.set_motor_speed) for set_motor_speed
    motor_control.o(i.motorA_forward) refers to motor_control.o(i.set_motor_speed) for set_motor_speed
    motor_control.o(i.motorA_stop) refers to motor_control.o(i.set_motor_speed) for set_motor_speed
[...]
    i.UART_DMATxHalfCplt                     0x08004df0   Section        0  stm32f4xx_hal_uart.o(i.UART_DMATxHalfCplt)
    UART_DMATxHalfCplt                       0x08004df1   Thumb Code    10  stm32f4xx_hal_uart.o(i.UART_DMATxHalfCplt)
    i.UART_EndRxTransfer                     0x08004dfa   Section        0  stm32f4xx_hal_uart.o(i.UART_EndRxTransfer)
    UART_EndRxTransfer                       0x08004dfb   Thumb Code    78  stm32f4xx_hal_uart.o(i.UART_EndRxTransfer)
    i.UART_EndTxTransfer                     0x08004e48   Section        0  stm32f4xx_hal_uart.o(i.UART_EndTxTransfer)
    UART_EndTxTransfer                       0x08004e49   Thumb Code    28  stm32f4xx_hal_uart.o(i.UART_EndTxTransfer)
    i.UART_Receive_IT                        0x08004e64   Section        0  stm32f4xx_hal_uart.o(i.UART_Receive_IT)
    UART_Receive_IT                          0x08004e65   Thumb Code   194  stm32f4xx_hal_uart.o(i.UART_Receive_IT)
    i.UART_SetConfig                         0x08004f28   Section        0  stm32f4xx_hal_uart.o(i.UART_SetConfig)
    UART_SetConfig                           0x08004f29   Thumb Code   258  stm32f4xx_hal_uart.o(i.UART_SetConfig)
    i.UART_Start_Receive_DMA                 0x08005034   Section        0  stm32f4xx_hal_uart.o(i.UART_Start_Receive_DMA)
    i.UART_Start_Receive_IT                  0x080050d4   Section        0  stm32f4xx_hal_uart.o(i.UART_Start_Receive_IT)
    i.UART_WaitOnFlagUntilTimeout            0x0800510a   Section        0  stm32f4xx_hal_uart.o(i.UART_WaitOnFlagUntilTimeout)
    UART_WaitOnFlagUntilTimeout              0x0800510b   Thumb Code   114  stm32f4xx_hal_uart.o(i.UART_WaitOnFlagUntilTimeout)
    i.USART3_IRQHandler                      0x0800517c   Section        0  stm32f4xx_it.o(i.USART3_IRQHandler)
    i.USART6_IRQHandler                      0x08005188   Section        0  stm32f4xx_it.o(i.USART6_IRQHandler)
    i.UsageFault_Handler                     0x08005194   Section        0  stm32f4xx_it.o(i.UsageFault_Handler)
    i.__ARM_fpclassify                       0x08005196   Section        0  fpclassify.o(i.__ARM_fpclassify)
    i.__ARM_fpclassifyf                      0x080051c6   Section        0  fpclassifyf.o(i.__ARM_fpclassifyf)
    i.__NVIC_SetPriority                     0x080051ec   Section        0  stm32f4xx_hal_cortex.o(i.__NVIC_SetPriority)
    __NVIC_SetPriority                       0x080051ed   Thumb Code    32  stm32f4xx_hal_cortex.o(i.__NVIC_SetPriority)
    i.__hardfp_atan2f                        0x0800520c   Section        0  atan2f.o(i.__hardfp_atan2f)
    i.__hardfp_sqrtf                         0x0800545c   Section        0  sqrtf.o(i.__hardfp_sqrtf)
    i.__mathlib_flt_infnan2                  0x08005496   Section        0  funder.o(i.__mathlib_flt_infnan2)
    i.__mathlib_flt_underflow                0x0800549c   Section        0  funder.o(i.__mathlib_flt_underflow)
    i._is_digit                              0x080054ac   Section        0  __printf_wp.o(i._is_digit)
    i.fakemove                               0x080054ba   Section        0  motor_control.o(i.fakemove)
    i.increment__yaw_v                       0x0800556a   Section        0  pid1.o(i.increment__yaw_v)
    i.main                                   0x080055ac   Section        0  main.o(i.main)
    i.motorAB_stop                           0x08005904   Section        0  motor_control.o(i.motorAB_stop)
    i.motorAmove                             0x0800591c   Section        0  motor_control.o(i.motorAmove)
    i.motorBmove                             0x080059b4   Section        0  motor_control.o(i.motorBmove)
    i.motorReverse                           0x08005a40   Section        0  motor_control.o(i.motorReverse)
    i.motorStraight                          0x08005a66   Section        0  motor_control.o(i.motorStraight)
    i.motorTurnLeft                          0x08005a88   Section        0  motor_control.o(i.motorTurnLeft)
    i.motorTurnRight                         0x08005aa8   Section        0  motor_control.o(i.motorTurnRight)
    i.set_motor_speed                        0x08005ac8   Section        0  motor_control.o(i.set_motor_speed)
    locale$$code                             0x08005b20   Section       44  lc_numeric_c.o(locale$$code)
    x$fpl$d2f                                0x08005b4c   Section       98  d2f.o(x$fpl$d2f)
    $v0                                      0x08005b4c   Number         0  d2f.o(x$fpl$d2f)
    x$fpl$dadd                               0x08005bb0   Section      336  daddsub_clz.o(x$fpl$dadd)
    $v0                                      0x08005bb0   Number         0  daddsub_clz.o(x$fpl$dadd)
    _dadd1                                   0x08005bc1   Thumb Code     0  daddsub_clz.o(x$fpl$dadd)
    x$fpl$ddiv                               0x08005d00   Section      688  ddiv.o(x$fpl$ddiv)
    $v0                                      0x08005d00   Number         0  ddiv.o(x$fpl$ddiv)
    ddiv_entry                               0x08005d07   Thumb Code     0  ddiv.o(x$fpl$ddiv)
    x$fpl$dflt                               0x08005fb0   Section       46  dflt_clz.o(x$fpl$dflt)
    $v0                                      0x08005fb0   Number         0  dflt_clz.o(x$fpl$dflt)
    x$fpl$dfltu                              0x08005fde   Section       38  dflt_clz.o(x$fpl$dfltu)
    $v0                                      0x08005fde   Number         0  dflt_clz.o(x$fpl$dfltu)
    x$fpl$dmul                               0x08006004   Section      340  dmul.o(x$fpl$dmul)
    $v0                                      0x08006004   Number         0  dmul.o(x$fpl$dmul)
    x$fpl$dnaninf                            0x08006158   Section      156  dnaninf.o(x$fpl$dnaninf)
    $v0                                      0x08006158   Number         0  dnaninf.o(x$fpl$dnaninf)
    x$fpl$dretinf                            0x080061f4   Section       12  dretinf.o(x$fpl$dretinf)
    $v0                                      0x080061f4   Number         0  dretinf.o(x$fpl$dretinf)
    x$fpl$dsub                               0x08006200   Section      468  daddsub_clz.o(x$fpl$dsub)
    $v0                                      0x08006200   Number         0  daddsub_clz.o(x$fpl$dsub)
    _dsub1                                   0x08006211   Thumb Code     0  daddsub_clz.o(x$fpl$dsub)
    x$fpl$f2d                                0x080063d4   Section       86  f2d.o(x$fpl$f2d)
    $v0                                      0x080063d4   Number         0  f2d.o(x$fpl$f2d)
    x$fpl$fnaninf                            0x0800642a   Section      140  fnaninf.o(x$fpl$fnaninf)
    $v0                                      0x0800642a   Number         0  fnaninf.o(x$fpl$fnaninf)
    x$fpl$fpinit                             0x080064b6   Section       10  fpinit.o(x$fpl$fpinit)
    $v0                                      0x080064b6   Number         0  fpinit.o(x$fpl$fpinit)
    x$fpl$fretinf                            0x080064c0   Section       10  fretinf.o(x$fpl$fretinf)
    $v0                                      0x080064c0   Number         0  fretinf.o(x$fpl$fretinf)
    x$fpl$printf1                            0x080064ca   Section        4  printf1.o(x$fpl$printf1)
    $v0                                      0x080064ca   Number         0  printf1.o(x$fpl$printf1)
    .constdata                               0x080064ce   Section        8  stm32f4xx_hal_dma.o(.constdata)
    x$fpl$usenofp                            0x080064ce   Section        0  usenofp.o(x$fpl$usenofp)
    flagBitshiftOffset                       0x080064ce   Data           8  stm32f4xx_hal_dma.o(.constdata)
    .constdata                               0x080064d6   Section       16  system_stm32f4xx.o(.constdata)
    .constdata                               0x080064e6   Section        8  system_stm32f4xx.o(.constdata)
    .constdata                               0x080064ee   Section       17  __printf_flags_ss_wp.o(.constdata)
    maptable                                 0x080064ee   Data          17  __printf_flags_ss_wp.o(.constdata)
    .constdata                               0x08006500   Section      148  bigflt0.o(.constdata)
    tenpwrs_x                                0x08006500   Data          60  bigflt0.o(.constdata)
    tenpwrs_i                                0x0800653c   Data          64  bigflt0.o(.constdata)
    locale$$data                             0x080065b4   Section       28  lc_numeric_c.o(locale$$data)
    __lcnum_c_name                           0x080065b8   Data           2  lc_numeric_c.o(locale$$data)
    __lcnum_c_start                          0x080065c0   Data           0  lc_numeric_c.o(locale$$data)
    __lcnum_c_point                          0x080065cc   Data           0  lc_numeric_c.o(locale$$data)
    __lcnum_c_thousands                      0x080065ce   Data           0  lc_numeric_c.o(locale$$data)
    __lcnum_c_grouping                       0x080065cf   Data           0  lc_numeric_c.o(locale$$data)
    __lcnum_c_end                            0x080065d0   Data           0  lc_numeric_c.o(locale$$data)
    .data                                    0x20000000   Section        8  encoder.o(.data)
    last_count_a                             0x20000000   Data           4  encoder.o(.data)
    last_count_b                             0x20000004   Data           4  encoder.o(.data)
    .data                                    0x20000008   Section       12  rader.o(.data)
    uart4_rx_con                             0x20000008   Data           1  rader.o(.data)
    uart4_rx_chksum                          0x2000000a   Data           1  rader.o(.data)
    cnt                                      0x2000000c   Data           2  rader.o(.data)
    angle_last                               0x20000010   Data           4  rader.o(.data)
    .data                                    0x20000014   Section       36  main.o(.data)
    .data                                    0x20000038   Section       36  main.o(.data)
    .data                                    0x2000005c   Section       60  main.o(.data)
    last_count_a                             0x2000005c   Data           4  main.o(.data)
    last_count_b                             0x20000060   Data           4  main.o(.data)
    dt                                       0x20000064   Data           4  main.o(.data)
    .data                                    0x20000098   Section       12  stm32f4xx_hal.o(.data)
    .data                                    0x200000a4   Section        4  system_stm32f4xx.o(.data)
    .bss                                     0x200000a8   Section     2110  rader.o(.bss)
    point                                    0x200000a8   Data        1000  rader.o(.bss)
    uart4_rx_buf                             0x20000490   Data         100  rader.o(.bss)
    uart4_tx_buf                             0x200004f4   Data          10  rader.o(.bss)
    .bss                                     0x200008e8   Section       36  pid1.o(.bss)
    .bss                                     0x2000090c   Section       62  main.o(.bss)
    .bss                                     0x2000094c   Section       72  adc.o(.bss)
    .bss                                     0x20000994   Section       84  i2c.o(.bss)
    .bss                                     0x200009e8   Section      288  tim.o(.bss)
    .bss                                     0x20000b08   Section      336  usart.o(.bss)
    .bss                                     0x20000c58   Section       72  stm32f4xx_hal_timebase_tim.o(.bss)
    .bss                                     0x20000ca0   Section       96  libspace.o(.bss)
    HEAP                                     0x20000d00   Section      512  startup_stm32f446xx.o(HEAP)
    Heap_Mem                                 0x20000d00   Data         512  startup_stm32f446xx.o(HEAP)
    STACK                                    0x20000f00   Section     1024  startup_stm32f446xx.o(STACK)
    Stack_Mem                                0x20000f00   Data        1024  startup_stm32f446xx.o(STACK)
    __initial_sp                             0x20001300   Data           0  startup_stm32f446xx.o(STACK)

    Global Symbols

    Symbol Name                              Value     Ov Type        Size  Object(Section)

    BuildAttributes$$THM_ISAv4$E$P$D$K$B$S$7EM$VFPi3$EXTD16$VFPS$VFMA$PE$A:L22UL41UL21$X:L11$S22US41US21$IEEE1$IW$USESV6$~STKCKD$USESV7$~SHL$OTIME$ROPI$IEEEX$EBA8$UX$STANDARDLIB$REQ8$PRES8$EABIv2 0x00000000   Number         0  anon$$obj.o ABSOLUTE
    __ARM_use_no_argv                        0x00000000   Number         0  main.o ABSOLUTE
    _printf_flags                            0x00000000   Number         0  printf_stubs.o ABSOLUTE
    _printf_return_value                     0x00000000   Number         0  printf_stubs.o ABSOLUTE
    _printf_sizespec                         0x00000000   Number         0  printf_stubs.o ABSOLUTE
    _printf_widthprec                        0x00000000   Number         0  printf_stubs.o ABSOLUTE
    __ARM_exceptions_init                     - Undefined Weak Reference
    __alloca_initialize                       - Undefined Weak Reference
    __arm_preinit_                            - Undefined Weak Reference
    __cpp_initialize__aeabi_                  - Undefined Weak Reference
    __cxa_finalize                            - Undefined Weak Reference
    __sigvec_lookup                           - Undefined Weak Reference
    _atexit_init                              - Undefined Weak Reference
    _call_atexit_fns                          - Undefined Weak Reference
    _clock_init                               - Undefined Weak Reference
    _fp_trap_init                             - Undefined Weak Reference
    _fp_trap_shutdown                         - Undefined Weak Reference
    _get_lc_collate                           - Undefined Weak Reference
    _get_lc_ctype                             - Undefined Weak Reference
    _get_lc_monetary                          - Undefined Weak Reference
    _get_lc_time                              - Undefined Weak Reference
    _getenv_init                              - Undefined Weak Reference
    _handle_redirection                       - Undefined Weak Reference
    _init_alloc                               - Undefined Weak Reference
    _init_user_alloc                          - Undefined Weak Reference
    _initio                                   - Undefined Weak Reference
    _printf_truncate_signed                   - Undefined Weak Reference
    _printf_truncate_unsigned                 - Undefined Weak Reference
    _rand_init                                - Undefined Weak Reference
    _signal_finish                            - Undefined Weak Reference
    _signal_init                              - Undefined Weak Reference
    _terminate_alloc                          - Undefined Weak Reference
    _terminate_user_alloc                     - Undefined Weak Reference
    _terminateio                              - Undefined Weak Reference
    __Vectors_Size                           0x000001c4   Number         0  startup_stm32f446xx.o ABSOLUTE
    __Vectors                                0x08000000   Data           4  startup_stm32f446xx.o(RESET)
    __Vectors_End                            0x080001c4   Data           0  startup_stm32f446xx.o(RESET)
    __main                                   0x080001c5   Thumb Code     8  __main.o(!!!main)
    __scatterload                            0x080001cd   Thumb Code     0  __scatter.o(!!!scatter)
    __scatterload_rt2                        0x080001cd   Thumb Code    44  __scatter.o(!!!scatter)
    __scatterload_rt2_thumb_only             0x080001cd   Thumb Code     0  __scatter.o(!!!scatter)
    __scatterload_null                       0x080001db   Thumb Code     0  __scatter.o(!!!scatter)
    __scatterload_copy                       0x08000201   Thumb Code    26  __scatter_copy.o(!!handler_copy)
    __scatterload_zeroinit                   0x0800021d   Thumb Code    28  __scatter_zi.o(!!handler_zi)
    _printf_f                                0x08000239   Thumb Code     0  _printf_f.o(.ARM.Collect$$_printf_percent$$00000003)
    _printf_percent                          0x08000239   Thumb Code     0  _printf_percent.o(.ARM.Collect$$_printf_percent$$00000000)
    _printf_d                                0x0800023f   Thumb Code     0  _printf_d.o(.ARM.Collect$$_printf_percent$$00000009)
    _printf_percent_end                      0x08000245   Thumb Code     0  _printf_percent_end.o(.ARM.Collect$$_printf_percent$$00000017)
    __rt_lib_init                            0x08000249   Thumb Code     0  libinit.o(.ARM.Collect$$libinit$$00000000)
    __rt_lib_init_fp_1                       0x0800024b   Thumb Code     0  libinit2.o(.ARM.Collect$$libinit$$00000001)
    __rt_lib_init_heap_1                     0x0800024f   Thumb Code     0  libinit2.o(.ARM.Collect$$libinit$$0000000A)
    __rt_lib_init_lc_common                  0x0800024f   Thumb Code     0  libinit2.o(.ARM.Collect$$libinit$$0000000F)
    __rt_lib_init_preinit_1                  0x0800024f   Thumb Code     0  libinit2.o(.ARM.Collect$$libinit$$00000004)
    __rt_lib_init_rand_1                     0x0800024f   Thumb Code     0  libinit2.o(.ARM.Collect$$libinit$$0000000E)
    __rt_lib_init_user_alloc_1               0x0800024f   Thumb Code     0  libinit2.o(.ARM.Collect$$libinit$$0000000C)
    __rt_lib_init_lc_collate_1               0x08000255   Thumb Code     0  libinit2.o(.ARM.Collect$$libinit$$00000011)
    __rt_lib_init_lc_ctype_1                 0x08000255   Thumb Code     0  libinit2.o(.ARM.Collect$$libinit$$00000013)
    __rt_lib_init_lc_monetary_1              0x08000255   Thumb Code     0  libinit2.o(.ARM.Collect$$libinit$$00000015)
    __rt_lib_init_lc_numeric_2               0x08000255   Thumb Code     0  libinit2.o(.ARM.Collect$$libinit$$00000016)
    __rt_lib_init_alloca_1                   0x0800025f   Thumb Code     0  libinit2.o(.ARM.Collect$$libinit$$0000002E)
    __rt_lib_init_argv_1                     0x0800025f   Thumb Code     0  libinit2.o(.ARM.Collect$$libinit$$0000002C)
    __rt_lib_init_atexit_1                   0x0800025f   Thumb Code     0  libinit2.o(.ARM.Collect$$libinit$$0000001B)
    __rt_lib_init_clock_1                    0x0800025f   Thumb Code     0  libinit2.o(.ARM.Collect$$libinit$$00000021)
    __rt_lib_init_cpp_1                      0x0800025f   Thumb Code     0  libinit2.o(.ARM.Collect$$libinit$$00000032)
    __rt_lib_init_exceptions_1               0x0800025f   Thumb Code     0  libinit2.o(.ARM.Collect$$libinit$$00000030)
    __rt_lib_init_fp_trap_1                  0x0800025f   Thumb Code     0  libinit2.o(.ARM.Collect$$libinit$$0000001F)
    __rt_lib_init_getenv_1                   0x0800025f   Thumb Code     0  libinit2.o(.ARM.Collect$$libinit$$00000023)
    __rt_lib_init_lc_numeric_1               0x0800025f   Thumb Code     0  libinit2.o(.ARM.Collect$$libinit$$00000017)
    __rt_lib_init_lc_time_1                  0x0800025f   Thumb Code     0  libinit2.o(.ARM.Collect$$libinit$$00000019)
    __rt_lib_init_return                     0x0800025f   Thumb Code     0  libinit2.o(.ARM.Collect$$libinit$$00000033)
    __rt_lib_init_signal_1                   0x0800025f   Thumb Code     0  libinit2.o(.ARM.Collect$$libinit$$0000001D)
    __rt_lib_init_stdio_1                    0x0800025f   Thumb Code     0  libinit2.o(.ARM.Collect$$libinit$$00000025)
    __rt_lib_shutdown                        0x08000261   Thumb Code     0  libshutdown.o(.ARM.Collect$$libshutdown$$00000000)
    __rt_lib_shutdown_cpp_1                  0x08000263   Thumb Code     0  libshutdown2.o(.ARM.Collect$$libshutdown$$00000002)
    __rt_lib_shutdown_fp_trap_1              0x08000263   Thumb Code     0  libshutdown2.o(.ARM.Collect$$libshutdown$$00000007)
    __rt_lib_shutdown_heap_1                 0x08000263   Thumb Code     0  libshutdown2.o(.ARM.Collect$$libshutdown$$0000000F)
    __rt_lib_shutdown_return                 0x08000263   Thumb Code     0  libshutdown2.o(.ARM.Collect$$libshutdown$$00000010)
    __rt_lib_shutdown_signal_1               0x08000263   Thumb Code     0  libshutdown2.o(.ARM.Collect$$libshutdown$$0000000A)
    __rt_lib_shutdown_stdio_1                0x08000263   Thumb Code     0  libshutdown2.o(.ARM.Collect$$libshutdown$$00000004)
    __rt_lib_shutdown_user_alloc_1           0x08000263   Thumb Code     0  libshutdown2.o(.ARM.Collect$$libshutdown$$0000000C)
    __rt_entry                               0x08000265   Thumb Code     0  __rtentry.o(.ARM.Collect$$rtentry$$00000000)
    __rt_entry_presh_1                       0x08000265   Thumb Code     0  __rtentry2.o(.ARM.Collect$$rtentry$$00000002)
    __rt_entry_sh                            0x08000265   Thumb Code     0  __rtentry4.o(.ARM.Collect$$rtentry$$00000004)
    __rt_entry_li                            0x0800026b   Thumb Code     0  __rtentry2.o(.ARM.Collect$$rtentry$$0000000A)
    __rt_entry_postsh_1                      0x0800026b   Thumb Code     0  __rtentry2.o(.ARM.Collect$$rtentry$$00000009)
    __rt_entry_main                          0x0800026f   Thumb Code     0  __rtentry2.o(.ARM.Collect$$rtentry$$0000000D)
    __rt_entry_postli_1                      0x0800026f   Thumb Code     0  __rtentry2.o(.ARM.Collect$$rtentry$$0000000C)
    __rt_exit                                0x08000277   Thumb Code     0  rtexit.o(.ARM.Collect$$rtexit$$00000000)
    __rt_exit_ls                             0x08000279   Thumb Code     0  rtexit2.o(.ARM.Collect$$rtexit$$00000003)
    __rt_exit_prels_1                        0x08000279   Thumb Code     0  rtexit2.o(.ARM.Collect$$rtexit$$00000002)
    __rt_exit_exit                           0x0800027d   Thumb Code     0  rtexit2.o(.ARM.Collect$$rtexit$$00000004)
    Reset_Handler                            0x08000285   Thumb Code     8  startup_stm32f446xx.o(.text)
    ADC_IRQHandler                           0x0800029f   Thumb Code     0  startup_stm32f446xx.o(.text)
    CAN1_RX0_IRQHandler                      0x0800029f   Thumb Code     0  startup_stm32f446xx.o(.text)
    CAN1_RX1_IRQHandler                      0x0800029f   Thumb Code     0  startup_stm32f446xx.o(.text)
    CAN1_SCE_IRQHandler                      0x0800029f   Thumb Code     0  startup_stm32f446xx.o(.text)
    CAN1_TX_IRQHandler                       0x0800029f   Thumb Code     0  startup_stm32f446xx.o(.text)
    CAN2_RX0_IRQHandler                      0x0800029f   Thumb Code     0  startup_stm32f446xx.o(.text)
    CAN2_RX1_IRQHandler                      0x0800029f   Thumb Code     0  startup_stm32f446xx.o(.text)
    CAN2_SCE_IRQHandler                      0x0800029f   Thumb Code     0  startup_stm32f446xx.o(.text)
    CAN2_TX_IRQHandler                       0x0800029f   Thumb Code     0  startup_stm32f446xx.o(.text)
    CEC_IRQHandler                           0x0800029f   Thumb Code     0  startup_stm32f446xx.o(.text)
    DCMI_IRQHandler                          0x0800029f   Thumb Code     0  startup_stm32f446xx.o(.text)
    DMA1_Stream0_IRQHandler                  0x0800029f   Thumb Code     0  startup_stm32f446xx.o(.text)
    DMA1_Stream2_IRQHandler                  0x0800029f   Thumb Code     0  startup_stm32f446xx.o(.text)
    DMA1_Stream4_IRQHandler                  0x0800029f   Thumb Code     0  startup_stm32f446xx.o(.text)
    DMA1_Stream5_IRQHandler                  0x0800029f   Thumb Code     0  startup_stm32f446xx.o(.text)
    DMA1_Stream6_IRQHandler                  0x0800029f   Thumb Code     0  startup_stm32f446xx.o(.text)
    DMA1_Stream7_IRQHandler                  0x0800029f   Thumb Code     0  startup_stm32f446xx.o(.text)
    DMA2_Stream0_IRQHandler                  0x0800029f   Thumb Code     0  startup_stm32f446xx.o(.text)
    DMA2_Stream1_IRQHandler                  0x0800029f   Thumb Code     0  startup_stm32f446xx.o(.text)
    DMA2_Stream2_IRQHandler                  0x0800029f   Thumb Code     0  startup_stm32f446xx.o(.text)
    DMA2_Stream3_IRQHandler                  0x0800029f   Thumb Code     0  startup_stm32f446xx.o(.text)
    DMA2_Stream4_IRQHandler                  0x0800029f   Thumb Code     0  startup_stm32f446xx.o(.text)
    DMA2_Stream5_IRQHandler                  0x0800029f   Thumb Code     0  startup_stm32f446xx.o(.text)
    DMA2_Stream6_IRQHandler                  0x0800029f   Thumb Code     0  startup_stm32f446xx.o(.text)
    DMA2_Stream7_IRQHandler                  0x0800029f   Thumb Code     0  startup_stm32f446xx.o(.text)
    EXTI0_IRQHandler                         0x0800029f   Thumb Code     0  startup_stm32f446xx.o(.text)
    EXTI15_10_IRQHandler                     0x0800029f   Thumb Code     0  startup_stm32f446xx.o(.text)
    EXTI1_IRQHandler                         0x0800029f   Thumb Code     0  startup_stm32f446xx.o(.text)
    EXTI2_IRQHandler                         0x0800029f   Thumb Code     0  startup_stm32f446xx.o(.text)
    EXTI3_IRQHandler                         0x0800029f   Thumb Code     0  startup_stm32f446xx.o(.text)
    EXTI4_IRQHandler                         0x0800029f   Thumb Code     0  startup_stm32f446xx.o(.text)
    EXTI9_5_IRQHandler                       0x0800029f   Thumb Code     0  startup_stm32f446xx.o(.text)
    FLASH_IRQHandler                         0x0800029f   Thumb Code     0  startup_stm32f446xx.o(.text)
    FMC_IRQHandler                           0x0800029f   Thumb Code     0  startup_stm32f446xx.o(.text)
    FMPI2C1_ER_IRQHandler                    0x0800029f   Thumb Code     0  startup_stm32f446xx.o(.text)
    FMPI2C1_EV_IRQHandler                    0x0800029f   Thumb Code     0  startup_stm32f446xx.o(.text)
    FPU_IRQHandler                           0x0800029f   Thumb Code     0  startup_stm32f446xx.o(.text)
    I2C1_ER_IRQHandler                       0x0800029f   Thumb Code     0  startup_stm32f446xx.o(.text)
    I2C1_EV_IRQHandler                       0x0800029f   Thumb Code     0  startup_stm32f446xx.o(.text)
    I2C2_ER_IRQHandler                       0x0800029f   Thumb Code     0  startup_stm32f446xx.o(.text)
    I2C2_EV_IRQHandler                       0x0800029f   Thumb Code     0  startup_stm32f446xx.o(.text)
    I2C3_ER_IRQHandler                       0x0800029f   Thumb Code     0  startup_stm32f446xx.o(.text)
    I2C3_EV_IRQHandler                       0x0800029f   Thumb Code     0  startup_stm32f446xx.o(.text)
    OTG_FS_IRQHandler                        0x0800029f   Thumb Code     0  startup_stm32f446xx.o(.text)
    OTG_FS_WKUP_IRQHandler                   0x0800029f   Thumb Code     0  startup_stm32f446xx.o(.text)
    OTG_HS_EP1_IN_IRQHandler                 0x0800029f   Thumb Code     0  startup_stm32f446xx.o(.text)
    OTG_HS_EP1_OUT_IRQHandler                0x0800029f   Thumb Code     0  startup_stm32f446xx.o(.text)
    OTG_HS_IRQHandler                        0x0800029f   Thumb Code     0  startup_stm32f446xx.o(.text)
    OTG_HS_WKUP_IRQHandler                   0x0800029f   Thumb Code     0  startup_stm32f446xx.o(.text)
    PVD_IRQHandler                           0x0800029f   Thumb Code     0  startup_stm32f446xx.o(.text)
    QUADSPI_IRQHandler                       0x0800029f   Thumb Code     0  startup_stm32f446xx.o(.text)
    RCC_IRQHandler                           0x0800029f   Thumb Code     0  startup_stm32f446xx.o(.text)
    RTC_Alarm_IRQHandler                     0x0800029f   Thumb Code     0  startup_stm32f446xx.o(.text)
    RTC_WKUP_IRQHandler                      0x0800029f   Thumb Code     0  startup_stm32f446xx.o(.text)
    SAI1_IRQHandler                          0x0800029f   Thumb Code     0  startup_stm32f446xx.o(.text)
    SAI2_IRQHandler                          0x0800029f   Thumb Code     0  startup_stm32f446xx.o(.text)
    SDIO_IRQHandler                          0x0800029f   Thumb Code     0  startup_stm32f446xx.o(.text)
    SPDIF_RX_IRQHandler                      0x0800029f   Thumb Code     0  startup_stm32f446xx.o(.text)
    SPI1_IRQHandler                          0x0800029f   Thumb Code     0  startup_stm32f446xx.o(.text)
    SPI2_IRQHandler                          0x0800029f   Thumb Code     0  startup_stm32f446xx.o(.text)
    SPI3_IRQHandler                          0x0800029f   Thumb Code     0  startup_stm32f446xx.o(.text)
    SPI4_IRQHandler                          0x0800029f   Thumb Code     0  startup_stm32f446xx.o(.text)
    TAMP_STAMP_IRQHandler                    0x0800029f   Thumb Code     0  startup_stm32f446xx.o(.text)
    TIM1_BRK_TIM9_IRQHandler                 0x0800029f   Thumb Code     0  startup_stm32f446xx.o(.text)
    TIM1_CC_IRQHandler                       0x0800029f   Thumb Code     0  startup_stm32f446xx.o(.text)
    TIM1_TRG_COM_TIM11_IRQHandler            0x0800029f   Thumb Code     0  startup_stm32f446xx.o(.text)
    TIM2_IRQHandler                          0x0800029f   Thumb Code     0  startup_stm32f446xx.o(.text)
    TIM3_IRQHandler                          0x0800029f   Thumb Code     0  startup_stm32f446xx.o(.text)
    TIM4_IRQHandler                          0x0800029f   Thumb Code     0  startup_stm32f446xx.o(.text)
    TIM5_IRQHandler                          0x0800029f   Thumb Code     0  startup_stm32f446xx.o(.text)
    TIM7_IRQHandler                          0x0800029f   Thumb Code     0  startup_stm32f446xx.o(.text)
    TIM8_BRK_TIM12_IRQHandler                0x0800029f   Thumb Code     0  startup_stm32f446xx.o(.text)
    TIM8_CC_IRQHandler                       0x0800029f   Thumb Code     0  startup_stm32f446xx.o(.text)
    TIM8_TRG_COM_TIM14_IRQHandler            0x0800029f   Thumb Code     0  startup_stm32f446xx.o(.text)
    TIM8_UP_TIM13_IRQHandler                 0x0800029f   Thumb Code     0  startup_stm32f446xx.o(.text)
    UART4_IRQHandler                         0x0800029f   Thumb Code     0  startup_stm32f446xx.o(.text)
    UART5_IRQHandler                         0x0800029f   Thumb Code     0  startup_stm32f446xx.o(.text)
    USART1_IRQHandler                        0x0800029f   Thumb Code     0  startup_stm32f446xx.o(.text)
    USART2_IRQHandler                        0x0800029f   Thumb Code     0  startup_stm32f446xx.o(.text)
    WWDG_IRQHandler                          0x0800029f   Thumb Code     0  startup_stm32f446xx.o(.text)
    __user_initial_stackheap                 0x080002a1   Thumb Code     0  startup_stm32f446xx.o(.text)
    __aeabi_uldivmod                         0x080002c5   Thumb Code     0  lludivv7m.o(.text)
    _ll_udiv                                 0x080002c5   Thumb Code   238  lludivv7m.o(.text)
    __2sprintf                               0x080003b5   Thumb Code    34  noretval__2sprintf.o(.text)
    __2snprintf                              0x080003dd   Thumb Code    48  noretval__2snprintf.o(.text)
    _printf_pre_padding                      0x08000411   Thumb Code    44  _printf_pad.o(.text)
    _printf_post_padding                     0x0800043d   Thumb Code    34  _printf_pad.o(.text)
    _printf_int_dec                          0x08000461   Thumb Code   104  _printf_dec.o(.text)
    __printf                                 0x080004d9   Thumb Code   388  __printf_flags_ss_wp.o(.text)
    strlen                                   0x08000661   Thumb Code    62  strlen.o(.text)
    __aeabi_memclr4                          0x0800069f   Thumb Code     0  rt_memclr_w.o(.text)
    __aeabi_memclr8                          0x0800069f   Thumb Code     0  rt_memclr_w.o(.text)
    __rt_memclr_w                            0x0800069f   Thumb Code    78  rt_memclr_w.o(.text)
    _memset_w                                0x080006a3   Thumb Code     0  rt_memclr_w.o(.text)
    __use_two_region_memory                  0x080006ed   Thumb Code     2  heapauxi.o(.text)
    __rt_heap_escrow$2region                 0x080006ef   Thumb Code     2  heapauxi.o(.text)
    __rt_heap_expand$2region                 0x080006f1   Thumb Code     2  heapauxi.o(.text)
    __read_errno                             0x080006f3   Thumb Code    10  _rserrno.o(.text)
    __set_errno                              0x080006fd   Thumb Code    12  _rserrno.o(.text)
    _printf_int_common                       0x08000709   Thumb Code   178  _printf_intcommon.o(.text)
    __lib_sel_fp_printf                      0x080007bb   Thumb Code     2  _printf_fp_dec.o(.text)
    _printf_fp_dec_real                      0x0800096d   Thumb Code   620  _printf_fp_dec.o(.text)
    _printf_char_common                      0x08000be3   Thumb Code    32  _printf_char_common.o(.text)
    _sputc                                   0x08000c09   Thumb Code    10  _sputc.o(.text)
    _snputc                                  0x08000c13   Thumb Code    16  _snputc.o(.text)
    __rt_locale                              0x08000c25   Thumb Code     8  rt_locale_intlibspace.o(.text)
    __aeabi_errno_addr                       0x08000c2d   Thumb Code     8  rt_errno_addr_intlibspace.o(.text)
    __errno$intlibspace                      0x08000c2d   Thumb Code     0  rt_errno_addr_intlibspace.o(.text)
    __rt_errno_addr$intlibspace              0x08000c2d   Thumb Code     0  rt_errno_addr_intlibspace.o(.text)
    _ll_udiv10                               0x08000c35   Thumb Code   138  lludiv10.o(.text)
    _printf_fp_infnan                        0x08000cc1   Thumb Code   112  _printf_fp_infnan.o(.text)
    _btod_etento                             0x08000d41   Thumb Code   224  bigflt0.o(.text)
    __user_libspace                          0x08000e25   Thumb Code     8  libspace.o(.text)
    __user_perproc_libspace                  0x08000e25   Thumb Code     0  libspace.o(.text)
    __user_perthread_libspace                0x08000e25   Thumb Code     0  libspace.o(.text)
    __user_setup_stackheap                   0x08000e2d   Thumb Code    74  sys_stackheap_outer.o(.text)
    exit                                     0x08000e77   Thumb Code    18  exit.o(.text)
    strcmp                                   0x08000e89   Thumb Code   128  strcmpv7m.o(.text)
    _sys_exit                                0x08000f09   Thumb Code     8  sys_exit.o(.text)
    __I$use$semihosting                      0x08000f15   Thumb Code     0  use_no_semi.o(.text)
    __use_no_semihosting_swi                 0x08000f15   Thumb Code     2  use_no_semi.o(.text)
    __semihosting_library_function           0x08000f17   Thumb Code     0  indicate_semi.o(.text)
    _btod_d2e                                0x08000f17   Thumb Code    62  btod.o(CL$$btod_d2e)
    _d2e_denorm_low                          0x08000f55   Thumb Code    70  btod.o(CL$$btod_d2e_denorm_low)
    _d2e_norm_op1                            0x08000f9b   Thumb Code    96  btod.o(CL$$btod_d2e_norm_op1)
    __btod_div_common                        0x08000ffb   Thumb Code   696  btod.o(CL$$btod_div_common)
    _e2e                                     0x08001333   Thumb Code   220  btod.o(CL$$btod_e2e)
    _btod_ediv                               0x0800140f   Thumb Code    42  btod.o(CL$$btod_ediv)
    _btod_emul                               0x08001439   Thumb Code    42  btod.o(CL$$btod_emul)
    __btod_mult_common                       0x08001463   Thumb Code   580  btod.o(CL$$btod_mult_common)
    AX_LASER_Start                           0x080017d1   Thumb Code   104  rader.o(i.AX_LASER_Start)
    Attitude_Update                          0x08001849   Thumb Code   268  mpu6500.o(i.Attitude_Update)
    BusFault_Handler                         0x08001979   Thumb Code     2  stm32f4xx_it.o(i.BusFault_Handler)
    DMA1_Stream1_IRQHandler                  0x0800197d   Thumb Code     6  stm32f4xx_it.o(i.DMA1_Stream1_IRQHandler)
    DMA1_Stream3_IRQHandler                  0x08001989   Thumb Code     6  stm32f4xx_it.o(i.DMA1_Stream3_IRQHandler)
    DebugMon_Handler                         0x08001a39   Thumb Code     2  stm32f4xx_it.o(i.DebugMon_Handler)
    EncoderA_GetSpeed                        0x08001a3d   Thumb Code    50  encoder.o(i.EncoderA_GetSpeed)
    EncoderB_GetSpeed                        0x08001a89   Thumb Code    50  encoder.o(i.EncoderB_GetSpeed)
    Error_Handler                            0x08001ad5   Thumb Code     4  main.o(i.Error_Handler)
    HAL_ADC_ConfigChannel                    0x08001ad9   Thumb Code   334  stm32f4xx_hal_adc.o(i.HAL_ADC_ConfigChannel)
    HAL_ADC_Init                             0x08001c3d   Thumb Code    84  stm32f4xx_hal_adc.o(i.HAL_ADC_Init)
    HAL_ADC_MspInit                          0x08001c91   Thumb Code    84  adc.o(i.HAL_ADC_MspInit)
    HAL_ADC_Start                            0x08001cf1   Thumb Code   228  stm32f4xx_hal_adc.o(i.HAL_ADC_Start)
    HAL_DMA_Abort                            0x08001ded   Thumb Code   146  stm32f4xx_hal_dma.o(i.HAL_DMA_Abort)
    HAL_DMA_Abort_IT                         0x08001e7f   Thumb Code    36  stm32f4xx_hal_dma.o(i.HAL_DMA_Abort_IT)
    HAL_DMA_IRQHandler                       0x08001ea5   Thumb Code   412  stm32f4xx_hal_dma.o(i.HAL_DMA_IRQHandler)
    HAL_DMA_Init                             0x08002045   Thumb Code   206  stm32f4xx_hal_dma.o(i.HAL_DMA_Init)
    HAL_DMA_Start_IT                         0x08002119   Thumb Code   110  stm32f4xx_hal_dma.o(i.HAL_DMA_Start_IT)
    HAL_Delay                                0x08002189   Thumb Code    32  stm32f4xx_hal.o(i.HAL_Delay)
    HAL_GPIO_Init                            0x080021ad   Thumb Code   436  stm32f4xx_hal_gpio.o(i.HAL_GPIO_Init)
    HAL_GetTick                              0x08002389   Thumb Code     6  stm32f4xx_hal.o(i.HAL_GetTick)
    HAL_I2C_Init                             0x08002395   Thumb Code   376  stm32f4xx_hal_i2c.o(i.HAL_I2C_Init)
    HAL_I2C_Mem_Read                         0x0800251d   Thumb Code   502  stm32f4xx_hal_i2c.o(i.HAL_I2C_Mem_Read)
    HAL_I2C_MspInit                          0x08002721   Thumb Code    94  i2c.o(i.HAL_I2C_MspInit)
    HAL_IncTick                              0x0800278d   Thumb Code    12  stm32f4xx_hal.o(i.HAL_IncTick)
    HAL_Init                                 0x0800279d   Thumb Code    48  stm32f4xx_hal.o(i.HAL_Init)
    HAL_InitTick                             0x080027d1   Thumb Code   118  stm32f4xx_hal_timebase_tim.o(i.HAL_InitTick)
    HAL_MspInit                              0x0800285d   Thumb Code    42  stm32f4xx_hal_msp.o(i.HAL_MspInit)
    HAL_NVIC_EnableIRQ                       0x0800288d   Thumb Code    26  stm32f4xx_hal_cortex.o(i.HAL_NVIC_EnableIRQ)
    HAL_NVIC_SetPriority                     0x080028a9   Thumb Code    60  stm32f4xx_hal_cortex.o(i.HAL_NVIC_SetPriority)
    HAL_NVIC_SetPriorityGrouping             0x080028e9   Thumb Code    26  stm32f4xx_hal_cortex.o(i.HAL_NVIC_SetPriorityGrouping)
    HAL_RCC_ClockConfig                      0x0800290d   Thumb Code   288  stm32f4xx_hal_rcc.o(i.HAL_RCC_ClockConfig)
    HAL_RCC_GetClockConfig                   0x08002a41   Thumb Code    54  stm32f4xx_hal_rcc.o(i.HAL_RCC_GetClockConfig)
    HAL_RCC_GetPCLK1Freq                     0x08002a81   Thumb Code    20  stm32f4xx_hal_rcc.o(i.HAL_RCC_GetPCLK1Freq)
    HAL_RCC_GetPCLK2Freq                     0x08002aa1   Thumb Code    20  stm32f4xx_hal_rcc.o(i.HAL_RCC_GetPCLK2Freq)
    HAL_RCC_GetSysClockFreq                  0x08002ac1   Thumb Code   140  stm32f4xx_hal_rcc_ex.o(i.HAL_RCC_GetSysClockFreq)
    HAL_RCC_OscConfig                        0x08002b55   Thumb Code   900  stm32f4xx_hal_rcc_ex.o(i.HAL_RCC_OscConfig)
    HAL_TIMEx_BreakCallback                  0x08002eed   Thumb Code     2  stm32f4xx_hal_tim_ex.o(i.HAL_TIMEx_BreakCallback)
    HAL_TIMEx_CommutCallback                 0x08002eef   Thumb Code     2  stm32f4xx_hal_tim_ex.o(i.HAL_TIMEx_CommutCallback)
    HAL_TIMEx_MasterConfigSynchronization    0x08002ef1   Thumb Code   116  stm32f4xx_hal_tim_ex.o(i.HAL_TIMEx_MasterConfigSynchronization)
    HAL_TIM_Base_Init                        0x08002f81   Thumb Code    90  stm32f4xx_hal_tim.o(i.HAL_TIM_Base_Init)
    HAL_TIM_Base_MspInit                     0x08002fdd   Thumb Code    72  tim.o(i.HAL_TIM_Base_MspInit)
    HAL_TIM_Base_Start_IT                    0x08003031   Thumb Code   100  stm32f4xx_hal_tim.o(i.HAL_TIM_Base_Start_IT)
    HAL_TIM_ConfigClockSource                0x080030b1   Thumb Code   220  stm32f4xx_hal_tim.o(i.HAL_TIM_ConfigClockSource)
    HAL_TIM_Encoder_Init                     0x0800318d   Thumb Code   164  stm32f4xx_hal_tim.o(i.HAL_TIM_Encoder_Init)
    HAL_TIM_Encoder_MspInit                  0x08003231   Thumb Code   148  tim.o(i.HAL_TIM_Encoder_MspInit)
    HAL_TIM_Encoder_Start                    0x080032d5   Thumb Code   142  stm32f4xx_hal_tim.o(i.HAL_TIM_Encoder_Start)
    HAL_TIM_IC_CaptureCallback               0x08003363   Thumb Code     2  stm32f4xx_hal_tim.o(i.HAL_TIM_IC_CaptureCallback)
    HAL_TIM_IRQHandler                       0x08003365   Thumb Code   304  stm32f4xx_hal_tim.o(i.HAL_TIM_IRQHandler)
    HAL_TIM_MspPostInit                      0x08003495   Thumb Code   104  tim.o(i.HAL_TIM_MspPostInit)
    HAL_TIM_OC_DelayElapsedCallback          0x0800350d   Thumb Code     2  stm32f4xx_hal_tim.o(i.HAL_TIM_OC_DelayElapsedCallback)
    HAL_TIM_PWM_ConfigChannel                0x0800350f   Thumb Code   204  stm32f4xx_hal_tim.o(i.HAL_TIM_PWM_ConfigChannel)
    HAL_TIM_PWM_Init                         0x080035db   Thumb Code    90  stm32f4xx_hal_tim.o(i.HAL_TIM_PWM_Init)
    HAL_TIM_PWM_MspInit                      0x08003635   Thumb Code     2  stm32f4xx_hal_tim.o(i.HAL_TIM_PWM_MspInit)
    HAL_TIM_PWM_PulseFinishedCallback        0x08003637   Thumb Code     2  stm32f4xx_hal_tim.o(i.HAL_TIM_PWM_PulseFinishedCallback)
    HAL_TIM_PWM_Start                        0x08003639   Thumb Code   172  stm32f4xx_hal_tim.o(i.HAL_TIM_PWM_Start)
    HAL_TIM_PeriodElapsedCallback            0x08003701   Thumb Code   220  main.o(i.HAL_TIM_PeriodElapsedCallback)
    HAL_TIM_TriggerCallback                  0x08003805   Thumb Code     2  stm32f4xx_hal_tim.o(i.HAL_TIM_TriggerCallback)
    HAL_UARTEx_ReceiveToIdle_DMA             0x08003807   Thumb Code    74  stm32f4xx_hal_uart.o(i.HAL_UARTEx_ReceiveToIdle_DMA)
    HAL_UARTEx_RxEventCallback               0x08003851   Thumb Code    42  main.o(i.HAL_UARTEx_RxEventCallback)
    HAL_UART_ErrorCallback                   0x08003889   Thumb Code     2  stm32f4xx_hal_uart.o(i.HAL_UART_ErrorCallback)
    HAL_UART_GetState                        0x0800388b   Thumb Code    10  stm32f4xx_hal_uart.o(i.HAL_UART_GetState)
    HAL_UART_IRQHandler                      0x08003895   Thumb Code   636  stm32f4xx_hal_uart.o(i.HAL_UART_IRQHandler)
    HAL_UART_Init                            0x08003b15   Thumb Code   100  stm32f4xx_hal_uart.o(i.HAL_UART_Init)
    HAL_UART_MspInit                         0x08003b79   Thumb Code   276  usart.o(i.HAL_UART_MspInit)
    HAL_UART_Receive_IT                      0x08003ca5   Thumb Code    28  stm32f4xx_hal_uart.o(i.HAL_UART_Receive_IT)
    HAL_UART_RxCpltCallback                  0x08003cc1   Thumb Code   136  rader.o(i.HAL_UART_RxCpltCallback)
    HAL_UART_RxHalfCpltCallback              0x08003d59   Thumb Code     2  stm32f4xx_hal_uart.o(i.HAL_UART_RxHalfCpltCallback)
    HAL_UART_Transmit                        0x08003d5b   Thumb Code   160  stm32f4xx_hal_uart.o(i.HAL_UART_Transmit)
    HAL_UART_Transmit_DMA                    0x08003dfd   Thumb Code   120  stm32f4xx_hal_uart.o(i.HAL_UART_Transmit_DMA)
    HAL_UART_Transmit_IT                     0x08003e81   Thumb Code    50  stm32f4xx_hal_uart.o(i.HAL_UART_Transmit_IT)
    HAL_UART_TxCpltCallback                  0x08003eb3   Thumb Code     2  stm32f4xx_hal_uart.o(i.HAL_UART_TxCpltCallback)
    HAL_UART_TxHalfCpltCallback              0x08003eb5   Thumb Code     2  stm32f4xx_hal_uart.o(i.HAL_UART_TxHalfCpltCallback)
    HardFault_Handler                        0x08003eb7   Thumb Code     2  stm32f4xx_it.o(i.HardFault_Handler)
    Kalman_Filter                            0x080041f7   Thumb Code   138  mpu6500.o(i.Kalman_Filter)
    LS_DataHandle                            0x08004281   Thumb Code   316  rader.o(i.LS_DataHandle)
    MPU6500_Read_Accel                       0x080043d9   Thumb Code   130  mpu6500.o(i.MPU6500_Read_Accel)
    MPU6500_Read_Gyro                        0x08004465   Thumb Code   130  mpu6500.o(i.MPU6500_Read_Gyro)
    MX_ADC1_Init                             0x080044f1   Thumb Code    88  adc.o(i.MX_ADC1_Init)
    MX_DMA_Init                              0x08004555   Thumb Code    56  dma.o(i.MX_DMA_Init)
    MX_GPIO_Init                             0x08004591   Thumb Code    70  gpio.o(i.MX_GPIO_Init)
    MX_I2C1_Init                             0x080045dd   Thumb Code    50  i2c.o(i.MX_I2C1_Init)
    MX_TIM2_Init                             0x0800461d   Thumb Code    96  tim.o(i.MX_TIM2_Init)
    MX_TIM3_Init                             0x08004681   Thumb Code   196  tim.o(i.MX_TIM3_Init)
    MX_TIM4_Init                             0x0800474d   Thumb Code    96  tim.o(i.MX_TIM4_Init)
    MX_TIM6_Init                             0x080047b5   Thumb Code    64  tim.o(i.MX_TIM6_Init)
    MX_USART3_UART_Init                      0x080047fd   Thumb Code    48  usart.o(i.MX_USART3_UART_Init)
    MX_USART6_UART_Init                      0x08004835   Thumb Code    48  usart.o(i.MX_USART6_UART_Init)
    MemManage_Handler                        0x0800486d   Thumb Code     2  stm32f4xx_it.o(i.MemManage_Handler)
    NMI_Handler                              0x0800486f   Thumb Code     2  stm32f4xx_it.o(i.NMI_Handler)
    PID_Incremental_Calc                     0x08004871   Thumb Code   122  pid.o(i.PID_Incremental_Calc)
    PID_Init                                 0x080048ed   Thumb Code    30  pid.o(i.PID_Init)
    PendSV_Handler                           0x08004911   Thumb Code     2  stm32f4xx_it.o(i.PendSV_Handler)
    SVC_Handler                              0x08004913   Thumb Code     2  stm32f4xx_it.o(i.SVC_Handler)
    SysTick_Handler                          0x08004915   Thumb Code     2  stm32f4xx_it.o(i.SysTick_Handler)
    SystemClock_Config                       0x08004919   Thumb Code   142  main.o(i.SystemClock_Config)
    SystemInit                               0x080049b1   Thumb Code    12  system_stm32f4xx.o(i.SystemInit)
    TIM1_UP_TIM10_IRQHandler                 0x080049c1   Thumb Code     6  stm32f4xx_it.o(i.TIM1_UP_TIM10_IRQHandler)
    TIM6_DAC_IRQHandler                      0x080049cd   Thumb Code     6  stm32f4xx_it.o(i.TIM6_DAC_IRQHandler)
    TIM_Base_SetConfig                       0x080049d9   Thumb Code   164  stm32f4xx_hal_tim.o(i.TIM_Base_SetConfig)
    TIM_CCxChannelCmd                        0x08004aa9   Thumb Code    26  stm32f4xx_hal_tim.o(i.TIM_CCxChannelCmd)
    TIM_ETR_SetConfig                        0x08004ac3   Thumb Code    20  stm32f4xx_hal_tim.o(i.TIM_ETR_SetConfig)
    TIM_OC2_SetConfig                        0x08004b49   Thumb Code    98  stm32f4xx_hal_tim.o(i.TIM_OC2_SetConfig)
    UART_Start_Receive_DMA                   0x08005035   Thumb Code   146  stm32f4xx_hal_uart.o(i.UART_Start_Receive_DMA)
    UART_Start_Receive_IT                    0x080050d5   Thumb Code    54  stm32f4xx_hal_uart.o(i.UART_Start_Receive_IT)
    USART3_IRQHandler                        0x0800517d   Thumb Code     6  stm32f4xx_it.o(i.USART3_IRQHandler)
    USART6_IRQHandler                        0x08005189   Thumb Code     6  stm32f4xx_it.o(i.USART6_IRQHandler)
    UsageFault_Handler                       0x08005195   Thumb Code     2  stm32f4xx_it.o(i.UsageFault_Handler)
    __ARM_fpclassify                         0x08005197   Thumb Code    48  fpclassify.o(i.__ARM_fpclassify)
    __ARM_fpclassifyf                        0x080051c7   Thumb Code    38  fpclassifyf.o(i.__ARM_fpclassifyf)
    __hardfp_atan2f                          0x0800520d   Thumb Code   502  atan2f.o(i.__hardfp_atan2f)
    __hardfp_sqrtf                           0x0800545d   Thumb Code    58  sqrtf.o(i.__hardfp_sqrtf)
    __mathlib_flt_infnan2                    0x08005497   Thumb Code     6  funder.o(i.__mathlib_flt_infnan2)
    __mathlib_flt_underflow                  0x0800549d   Thumb Code    10  funder.o(i.__mathlib_flt_underflow)
    _is_digit                                0x080054ad   Thumb Code    14  __printf_wp.o(i._is_digit)
    fakemove                                 0x080054bb   Thumb Code   176  motor_control.o(i.fakemove)
    increment__yaw_v                         0x0800556b   Thumb Code    66  pid1.o(i.increment__yaw_v)
    main                                     0x080055ad   Thumb Code   674  main.o(i.main)
    motorAB_stop                             0x08005905   Thumb Code    22  motor_control.o(i.motorAB_stop)
    motorAmove                               0x0800591d   Thumb Code   130  motor_control.o(i.motorAmove)
    motorBmove                               0x080059b5   Thumb Code   118  motor_control.o(i.motorBmove)
    motorReverse                             0x08005a41   Thumb Code    38  motor_control.o(i.motorReverse)
    motorStraight                            0x08005a67   Thumb Code    34  motor_control.o(i.motorStraight)
    motorTurnLeft                            0x08005a89   Thumb Code    28  motor_control.o(i.motorTurnLeft)
    motorTurnRight                           0x08005aa9   Thumb Code    28  motor_control.o(i.motorTurnRight)
    set_motor_speed                          0x08005ac9   Thumb Code    84  motor_control.o(i.set_motor_speed)
    _get_lc_numeric                          0x08005b21   Thumb Code    44  lc_numeric_c.o(locale$$code)
    __aeabi_d2f                              0x08005b4d   Thumb Code     0  d2f.o(x$fpl$d2f)
    _d2f                                     0x08005b4d   Thumb Code    98  d2f.o(x$fpl$d2f)
    __aeabi_dadd                             0x08005bb1   Thumb Code     0  daddsub_clz.o(x$fpl$dadd)
    _dadd                                    0x08005bb1   Thumb Code   332  daddsub_clz.o(x$fpl$dadd)
    __aeabi_ddiv                             0x08005d01   Thumb Code     0  ddiv.o(x$fpl$ddiv)
    _ddiv                                    0x08005d01   Thumb Code   552  ddiv.o(x$fpl$ddiv)
    __aeabi_i2d                              0x08005fb1   Thumb Code     0  dflt_clz.o(x$fpl$dflt)
    _dflt                                    0x08005fb1   Thumb Code    46  dflt_clz.o(x$fpl$dflt)
    __aeabi_ui2d                             0x08005fdf   Thumb Code     0  dflt_clz.o(x$fpl$dfltu)
    _dfltu                                   0x08005fdf   Thumb Code    38  dflt_clz.o(x$fpl$dfltu)
    __aeabi_dmul                             0x08006005   Thumb Code     0  dmul.o(x$fpl$dmul)
    _dmul                                    0x08006005   Thumb Code   332  dmul.o(x$fpl$dmul)
    __fpl_dnaninf                            0x08006159   Thumb Code   156  dnaninf.o(x$fpl$dnaninf)
    __fpl_dretinf                            0x080061f5   Thumb Code    12  dretinf.o(x$fpl$dretinf)
    __aeabi_dsub                             0x08006201   Thumb Code     0  daddsub_clz.o(x$fpl$dsub)
    _dsub                                    0x08006201   Thumb Code   464  daddsub_clz.o(x$fpl$dsub)
    __aeabi_f2d                              0x080063d5   Thumb Code     0  f2d.o(x$fpl$f2d)
    _f2d                                     0x080063d5   Thumb Code    86  f2d.o(x$fpl$f2d)
    __fpl_fnaninf                            0x0800642b   Thumb Code   140  fnaninf.o(x$fpl$fnaninf)
    _fp_init                                 0x080064b7   Thumb Code    10  fpinit.o(x$fpl$fpinit)
    __fplib_config_fpu_vfp                   0x080064bf   Thumb Code     0  fpinit.o(x$fpl$fpinit)
    __fplib_config_pureend_doubles           0x080064bf   Thumb Code     0  fpinit.o(x$fpl$fpinit)
    __fpl_fretinf                            0x080064c1   Thumb Code    10  fretinf.o(x$fpl$fretinf)
    _printf_fp_dec                           0x080064cb   Thumb Code     4  printf1.o(x$fpl$printf1)
    __I$use$fp                               0x080064ce   Number         0  usenofp.o(x$fpl$usenofp)
    AHBPrescTable                            0x080064d6   Data          16  system_stm32f4xx.o(.constdata)
    APBPrescTable                            0x080064e6   Data           8  system_stm32f4xx.o(.constdata)
    Region$$Table$$Base                      0x08006594   Number         0  anon$$obj.o(Region$$Table)
    Region$$Table$$Limit                     0x080065b4   Number         0  anon$$obj.o(Region$$Table)
    uart4_rx_data                            0x20000009   Data           1  rader.o(.data)
    kalmanX                                  0x20000014   Data          36  main.o(.data)
    kalmanY                                  0x20000038   Data          36  main.o(.data)
    ax                                       0x20000068   Data           4  main.o(.data)
    ay                                       0x2000006c   Data           4  main.o(.data)
    az                                       0x20000070   Data           4  main.o(.data)
    gx                                       0x20000074   Data           4  main.o(.data)
    gy                                       0x20000078   Data           4  main.o(.data)
    gz                                       0x2000007c   Data           4  main.o(.data)
    yaw_last                                 0x20000080   Data           4  main.o(.data)
    roll_int                                 0x20000084   Data           4  main.o(.data)
    pitch_int                                0x20000088   Data           4  main.o(.data)
    yaw_int                                  0x2000008c   Data           4  main.o(.data)
    count1                                   0x20000090   Data           4  main.o(.data)
    duty                                     0x20000094   Data           4  main.o(.data)
    uwTickFreq                               0x20000098   Data           1  stm32f4xx_hal.o(.data)
    uwTickPrio                               0x2000009c   Data           4  stm32f4xx_hal.o(.data)
    uwTick                                   0x200000a0   Data           4  stm32f4xx_hal.o(.data)
    SystemCoreClock                          0x200000a4   Data           4  system_stm32f4xx.o(.data)
    ax_ls_point                              0x200004fe   Data        1000  rader.o(.bss)
    yaw_v_pid                                0x200008e8   Data          36  pid1.o(.bss)
    attitude                                 0x2000090c   Data          12  main.o(.bss)
    receiveData                              0x20000918   Data          50  main.o(.bss)
    hadc1                                    0x2000094c   Data          72  adc.o(.bss)
    hi2c1                                    0x20000994   Data          84  i2c.o(.bss)
    htim2                                    0x200009e8   Data          72  tim.o(.bss)
    htim3                                    0x20000a30   Data          72  tim.o(.bss)
    htim4                                    0x20000a78   Data          72  tim.o(.bss)
    htim6                                    0x20000ac0   Data          72  tim.o(.bss)
    huart3                                   0x20000b08   Data          72  usart.o(.bss)
    huart6                                   0x20000b50   Data          72  usart.o(.bss)
    hdma_usart3_rx                           0x20000b98   Data          96  usart.o(.bss)
    hdma_usart3_tx                           0x20000bf8   Data          96  usart.o(.bss)
    htim1                                    0x20000c58   Data          72  stm32f4xx_hal_timebase_tim.o(.bss)
    __libspace_start                         0x20000ca0   Data          96  libspace.o(.bss)
    __temporary_stack_top$libspace           0x20000d00   Data           0  libspace.o(.bss)



==============================================================================

Memory Map of the image

  Image Entry point : 0x080001c5

  Load Region LR_IROM1 (Base: 0x08000000, Size: 0x00006678, Max: 0x00080000, ABSOLUTE)

    Execution Region ER_IROM1 (Base: 0x08000000, Size: 0x000065d0, Max: 0x00080000, ABSOLUTE)

    Base Addr    Size         Type   Attr      Idx    E Section Name        Object

    0x08000000   0x000001c4   Data   RO            3    RESET               startup_stm32f446xx.o
    0x080001c4   0x00000008   Code   RO         4503  * !!!main             c_w.l(__main.o)
    0x080001cc   0x00000034   Code   RO         4806    !!!scatter          c_w.l(__scatter.o)
    0x08000200   0x0000001a   Code   RO         4808    !!handler_copy      c_w.l(__scatter_copy.o)
    0x0800021a   0x00000002   PAD
    0x0800021c   0x0000001c   Code   RO         4810    !!handler_zi        c_w.l(__scatter_zi.o)
    0x08000238   0x00000000   Code   RO         4496    .ARM.Collect$$_printf_percent$$00000000  c_w.l(_printf_percent.o)
    0x08000238   0x00000006   Code   RO         4495    .ARM.Collect$$_printf_percent$$00000003  c_w.l(_printf_f.o)
    0x0800023e   0x00000006   Code   RO         4494    .ARM.Collect$$_printf_percent$$00000009  c_w.l(_printf_d.o)
    0x08000244   0x00000004   Code   RO         4570    .ARM.Collect$$_printf_percent$$00000017  c_w.l(_printf_percent_end.o)
    0x08000248   0x00000002   Code   RO         4679    .ARM.Collect$$libinit$$00000000  c_w.l(libinit.o)
    0x0800024a   0x00000004   Code   RO         4680    .ARM.Collect$$libinit$$00000001  c_w.l(libinit2.o)
    0x0800024e   0x00000000   Code   RO         4683    .ARM.Collect$$libinit$$00000004  c_w.l(libinit2.o)
    0x0800024e   0x00000000   Code   RO         4686    .ARM.Collect$$libinit$$0000000A  c_w.l(libinit2.o)
    0x0800024e   0x00000000   Code   RO         4688    .ARM.Collect$$libinit$$0000000C  c_w.l(libinit2.o)
    0x0800024e   0x00000000   Code   RO         4690    .ARM.Collect$$libinit$$0000000E  c_w.l(libinit2.o)
    0x0800024e   0x00000006   Code   RO         4691    .ARM.Collect$$libinit$$0000000F  c_w.l(libinit2.o)
    0x08000254   0x00000000   Code   RO         4693    .ARM.Collect$$libinit$$00000011  c_w.l(libinit2.o)
    0x08000254   0x00000000   Code   RO         4695    .ARM.Collect$$libinit$$00000013  c_w.l(libinit2.o)
    0x08000254   0x00000000   Code   RO         4697    .ARM.Collect$$libinit$$00000015  c_w.l(libinit2.o)
    0x08000254   0x0000000a   Code   RO         4698    .ARM.Collect$$libinit$$00000016  c_w.l(libinit2.o)
    0x0800025e   0x00000000   Code   RO         4699    .ARM.Collect$$libinit$$00000017  c_w.l(libinit2.o)
    0x0800025e   0x00000000   Code   RO         4701    .ARM.Collect$$libinit$$00000019  c_w.l(libinit2.o)
    0x0800025e   0x00000000   Code   RO         4703    .ARM.Collect$$libinit$$0000001B  c_w.l(libinit2.o)
    0x0800025e   0x00000000   Code   RO         4705    .ARM.Collect$$libinit$$0000001D  c_w.l(libinit2.o)
    0x0800025e   0x00000000   Code   RO         4707    .ARM.Collect$$libinit$$0000001F  c_w.l(libinit2.o)
    0x0800025e   0x00000000   Code   RO         4709    .ARM.Collect$$libinit$$00000021  c_w.l(libinit2.o)
    0x0800025e   0x00000000   Code   RO         4711    .ARM.Collect$$libinit$$00000023  c_w.l(libinit2.o)
    0x0800025e   0x00000000   Code   RO         4713    .ARM.Collect$$libinit$$00000025  c_w.l(libinit2.o)
    0x0800025e   0x00000000   Code   RO         4717    .ARM.Collect$$libinit$$0000002C  c_w.l(libinit2.o)
    0x0800025e   0x00000000   Code   RO         4719    .ARM.Collect$$libinit$$0000002E  c_w.l(libinit2.o)
    0x0800025e   0x00000000   Code   RO         4721    .ARM.Collect$$libinit$$00000030  c_w.l(libinit2.o)
    0x0800025e   0x00000000   Code   RO         4723    .ARM.Collect$$libinit$$00000032  c_w.l(libinit2.o)
    0x0800025e   0x00000002   Code   RO         4724    .ARM.Collect$$libinit$$00000033  c_w.l(libinit2.o)
    0x08000260   0x00000002   Code   RO         4771    .ARM.Collect$$libshutdown$$00000000  c_w.l(libshutdown.o)
    0x08000262   0x00000000   Code   RO         4789    .ARM.Collect$$libshutdown$$00000002  c_w.l(libshutdown2.o)
    0x08000262   0x00000000   Code   RO         4791    .ARM.Collect$$libshutdown$$00000004  c_w.l(libshutdown2.o)
    0x08000262   0x00000000   Code   RO         4794    .ARM.Collect$$libshutdown$$00000007  c_w.l(libshutdown2.o)
    0x08000262   0x00000000   Code   RO         4797    .ARM.Collect$$libshutdown$$0000000A  c_w.l(libshutdown2.o)
    0x08000262   0x00000000   Code   RO         4799    .ARM.Collect$$libshutdown$$0000000C  c_w.l(libshutdown2.o)
    0x08000262   0x00000000   Code   RO         4802    .ARM.Collect$$libshutdown$$0000000F  c_w.l(libshutdown2.o)
    0x08000262   0x00000002   Code   RO         4803    .ARM.Collect$$libshutdown$$00000010  c_w.l(libshutdown2.o)
    0x08000264   0x00000000   Code   RO         4553    .ARM.Collect$$rtentry$$00000000  c_w.l(__rtentry.o)
    0x08000264   0x00000000   Code   RO         4597    .ARM.Collect$$rtentry$$00000002  c_w.l(__rtentry2.o)
    0x08000264   0x00000006   Code   RO         4609    .ARM.Collect$$rtentry$$00000004  c_w.l(__rtentry4.o)
    0x0800026a   0x00000000   Code   RO         4599    .ARM.Collect$$rtentry$$00000009  c_w.l(__rtentry2.o)
    0x0800026a   0x00000004   Code   RO         4600    .ARM.Collect$$rtentry$$0000000A  c_w.l(__rtentry2.o)
    0x0800026e   0x00000000   Code   RO         4602    .ARM.Collect$$rtentry$$0000000C  c_w.l(__rtentry2.o)
    0x0800026e   0x00000008   Code   RO         4603    .ARM.Collect$$rtentry$$0000000D  c_w.l(__rtentry2.o)
    0x08000276   0x00000002   Code   RO         4725    .ARM.Collect$$rtexit$$00000000  c_w.l(rtexit.o)
    0x08000278   0x00000000   Code   RO         4740    .ARM.Collect$$rtexit$$00000002  c_w.l(rtexit2.o)
    0x08000278   0x00000004   Code   RO         4741    .ARM.Collect$$rtexit$$00000003  c_w.l(rtexit2.o)
    0x0800027c   0x00000006   Code   RO         4742    .ARM.Collect$$rtexit$$00000004  c_w.l(rtexit2.o)
    0x08000282   0x00000002   PAD
    0x08000284   0x00000040   Code   RO            4    .text               startup_stm32f446xx.o
    0x080002c4   0x000000ee   Code   RO         4458    .text               c_w.l(lludivv7m.o)
    0x080003b2   0x00000002   PAD
    0x080003b4   0x00000028   Code   RO         4464    .text               c_w.l(noretval__2sprintf.o)
    0x080003dc   0x00000034   Code   RO         4466    .text               c_w.l(noretval__2snprintf.o)
    0x08000410   0x0000004e   Code   RO         4470    .text               c_w.l(_printf_pad.o)
    0x0800045e   0x00000002   PAD
    0x08000460   0x00000078   Code   RO         4472    .text               c_w.l(_printf_dec.o)
    0x080004d8   0x00000188   Code   RO         4491    .text               c_w.l(__printf_flags_ss_wp.o)
    0x08000660   0x0000003e   Code   RO         4497    .text               c_w.l(strlen.o)
    0x0800069e   0x0000004e   Code   RO         4499    .text               c_w.l(rt_memclr_w.o)
    0x080006ec   0x00000006   Code   RO         4501    .text               c_w.l(heapauxi.o)
    0x080006f2   0x00000016   Code   RO         4558    .text               c_w.l(_rserrno.o)
    0x08000708   0x000000b2   Code   RO         4560    .text               c_w.l(_printf_intcommon.o)
    0x080007ba   0x0000041e   Code   RO         4562    .text               c_w.l(_printf_fp_dec.o)
    0x08000bd8   0x00000030   Code   RO         4564    .text               c_w.l(_printf_char_common.o)
    0x08000c08   0x0000000a   Code   RO         4566    .text               c_w.l(_sputc.o)
    0x08000c12   0x00000010   Code   RO         4568    .text               c_w.l(_snputc.o)
    0x08000c22   0x00000002   PAD
    0x08000c24   0x00000008   Code   RO         4616    .text               c_w.l(rt_locale_intlibspace.o)
    0x08000c2c   0x00000008   Code   RO         4621    .text               c_w.l(rt_errno_addr_intlibspace.o)
    0x08000c34   0x0000008a   Code   RO         4623    .text               c_w.l(lludiv10.o)
    0x08000cbe   0x00000002   PAD
    0x08000cc0   0x00000080   Code   RO         4625    .text               c_w.l(_printf_fp_infnan.o)
    0x08000d40   0x000000e4   Code   RO         4629    .text               c_w.l(bigflt0.o)
    0x08000e24   0x00000008   Code   RO         4661    .text               c_w.l(libspace.o)
    0x08000e2c   0x0000004a   Code   RO         4664    .text               c_w.l(sys_stackheap_outer.o)
    0x08000e76   0x00000012   Code   RO         4666    .text               c_w.l(exit.o)
    0x08000e88   0x00000080   Code   RO         4672    .text               c_w.l(strcmpv7m.o)
    0x08000f08   0x0000000c   Code   RO         4737    .text               c_w.l(sys_exit.o)
    0x08000f14   0x00000002   Code   RO         4758    .text               c_w.l(use_no_semi.o)
    0x08000f16   0x00000000   Code   RO         4760    .text               c_w.l(indicate_semi.o)
    0x08000f16   0x0000003e   Code   RO         4632    CL$$btod_d2e        c_w.l(btod.o)
    0x08000f54   0x00000046   Code   RO         4634    CL$$btod_d2e_denorm_low  c_w.l(btod.o)
    0x08000f9a   0x00000060   Code   RO         4633    CL$$btod_d2e_norm_op1  c_w.l(btod.o)
    0x08000ffa   0x00000338   Code   RO         4642    CL$$btod_div_common  c_w.l(btod.o)
    0x08001332   0x000000dc   Code   RO         4639    CL$$btod_e2e        c_w.l(btod.o)
    0x0800140e   0x0000002a   Code   RO         4636    CL$$btod_ediv       c_w.l(btod.o)
    0x08001438   0x0000002a   Code   RO         4635    CL$$btod_emul       c_w.l(btod.o)
    0x08001462   0x00000244   Code   RO         4641    CL$$btod_mult_common  c_w.l(btod.o)
    0x080016a6   0x00000002   PAD
    0x080016a8   0x00000128   Code   RO         2064    i.ADC_Init          stm32f4xx_hal_adc.o
    0x080017d0   0x00000078   Code   RO          418    i.AX_LASER_Start    rader.o
    0x08001848   0x00000130   Code   RO          491    i.Attitude_Update   mpu6500.o
    0x08001978   0x00000002   Code   RO          913    i.BusFault_Handler  stm32f4xx_it.o
    0x0800197a   0x00000002   PAD
    0x0800197c   0x0000000c   Code   RO          914    i.DMA1_Stream1_IRQHandler  stm32f4xx_it.o
    0x08001988   0x0000000c   Code   RO          915    i.DMA1_Stream3_IRQHandler  stm32f4xx_it.o
    0x08001994   0x00000028   Code   RO         2882    i.DMA_CalcBaseAndBitshift  stm32f4xx_hal_dma.o
    0x080019bc   0x00000054   Code   RO         2883    i.DMA_CheckFifoParam  stm32f4xx_hal_dma.o
    0x08001a10   0x00000028   Code   RO         2884    i.DMA_SetConfig     stm32f4xx_hal_dma.o
    0x08001a38   0x00000002   Code   RO          916    i.DebugMon_Handler  stm32f4xx_it.o
    0x08001a3a   0x00000002   PAD
    0x08001a3c   0x0000004c   Code   RO          369    i.EncoderA_GetSpeed  encoder.o
    0x08001a88   0x0000004c   Code   RO          371    i.EncoderB_GetSpeed  encoder.o
    0x08001ad4   0x00000004   Code   RO          590    i.Error_Handler     main.o
    0x08001ad8   0x00000164   Code   RO         2066    i.HAL_ADC_ConfigChannel  stm32f4xx_hal_adc.o
    0x08001c3c   0x00000054   Code   RO         2075    i.HAL_ADC_Init      stm32f4xx_hal_adc.o
    0x08001c90   0x00000060   Code   RO          680    i.HAL_ADC_MspInit   adc.o
    0x08001cf0   0x000000fc   Code   RO         2081    i.HAL_ADC_Start     stm32f4xx_hal_adc.o
    0x08001dec   0x00000092   Code   RO         2885    i.HAL_DMA_Abort     stm32f4xx_hal_dma.o
    0x08001e7e   0x00000024   Code   RO         2886    i.HAL_DMA_Abort_IT  stm32f4xx_hal_dma.o
    0x08001ea2   0x00000002   PAD
    0x08001ea4   0x000001a0   Code   RO         2890    i.HAL_DMA_IRQHandler  stm32f4xx_hal_dma.o
    0x08002044   0x000000d4   Code   RO         2891    i.HAL_DMA_Init      stm32f4xx_hal_dma.o
    0x08002118   0x0000006e   Code   RO         2895    i.HAL_DMA_Start_IT  stm32f4xx_hal_dma.o
    0x08002186   0x00000002   PAD
    0x08002188   0x00000024   Code   RO         3340    i.HAL_Delay         stm32f4xx_hal.o
    0x080021ac   0x000001dc   Code   RO         2778    i.HAL_GPIO_Init     stm32f4xx_hal_gpio.o
    0x08002388   0x0000000c   Code   RO         3346    i.HAL_GetTick       stm32f4xx_hal.o
    0x08002394   0x00000188   Code   RO         3602    i.HAL_I2C_Init      stm32f4xx_hal_i2c.o
    0x0800251c   0x00000204   Code   RO         3620    i.HAL_I2C_Mem_Read  stm32f4xx_hal_i2c.o
    0x08002720   0x0000006c   Code   RO          746    i.HAL_I2C_MspInit   i2c.o
    0x0800278c   0x00000010   Code   RO         3352    i.HAL_IncTick       stm32f4xx_hal.o
    0x0800279c   0x00000034   Code   RO         3353    i.HAL_Init          stm32f4xx_hal.o
    0x080027d0   0x0000008c   Code   RO         1049    i.HAL_InitTick      stm32f4xx_hal_timebase_tim.o
    0x0800285c   0x00000030   Code   RO         1025    i.HAL_MspInit       stm32f4xx_hal_msp.o
    0x0800288c   0x0000001a   Code   RO         3188    i.HAL_NVIC_EnableIRQ  stm32f4xx_hal_cortex.o
    0x080028a6   0x00000002   PAD
    0x080028a8   0x00000040   Code   RO         3194    i.HAL_NVIC_SetPriority  stm32f4xx_hal_cortex.o
    0x080028e8   0x00000024   Code   RO         3195    i.HAL_NVIC_SetPriorityGrouping  stm32f4xx_hal_cortex.o
    0x0800290c   0x00000134   Code   RO         2340    i.HAL_RCC_ClockConfig  stm32f4xx_hal_rcc.o
    0x08002a40   0x00000040   Code   RO         2344    i.HAL_RCC_GetClockConfig  stm32f4xx_hal_rcc.o
    0x08002a80   0x00000020   Code   RO         2347    i.HAL_RCC_GetPCLK1Freq  stm32f4xx_hal_rcc.o
    0x08002aa0   0x00000020   Code   RO         2348    i.HAL_RCC_GetPCLK2Freq  stm32f4xx_hal_rcc.o
    0x08002ac0   0x00000094   Code   RO         2451    i.HAL_RCC_GetSysClockFreq  stm32f4xx_hal_rcc_ex.o
    0x08002b54   0x00000398   Code   RO         2452    i.HAL_RCC_OscConfig  stm32f4xx_hal_rcc_ex.o
    0x08002eec   0x00000002   Code   RO         1794    i.HAL_TIMEx_BreakCallback  stm32f4xx_hal_tim_ex.o
    0x08002eee   0x00000002   Code   RO         1795    i.HAL_TIMEx_CommutCallback  stm32f4xx_hal_tim_ex.o
    0x08002ef0   0x00000090   Code   RO         1813    i.HAL_TIMEx_MasterConfigSynchronization  stm32f4xx_hal_tim_ex.o
    0x08002f80   0x0000005a   Code   RO         1090    i.HAL_TIM_Base_Init  stm32f4xx_hal_tim.o
    0x08002fda   0x00000002   PAD
    0x08002fdc   0x00000054   Code   RO          788    i.HAL_TIM_Base_MspInit  tim.o
    0x08003030   0x00000080   Code   RO         1095    i.HAL_TIM_Base_Start_IT  stm32f4xx_hal_tim.o
    0x080030b0   0x000000dc   Code   RO         1099    i.HAL_TIM_ConfigClockSource  stm32f4xx_hal_tim.o
    0x0800318c   0x000000a4   Code   RO         1111    i.HAL_TIM_Encoder_Init  stm32f4xx_hal_tim.o
    0x08003230   0x000000a4   Code   RO          790    i.HAL_TIM_Encoder_MspInit  tim.o
    0x080032d4   0x0000008e   Code   RO         1114    i.HAL_TIM_Encoder_Start  stm32f4xx_hal_tim.o
    0x08003362   0x00000002   Code   RO         1124    i.HAL_TIM_IC_CaptureCallback  stm32f4xx_hal_tim.o
    0x08003364   0x00000130   Code   RO         1138    i.HAL_TIM_IRQHandler  stm32f4xx_hal_tim.o
    0x08003494   0x00000078   Code   RO          791    i.HAL_TIM_MspPostInit  tim.o
    0x0800350c   0x00000002   Code   RO         1141    i.HAL_TIM_OC_DelayElapsedCallback  stm32f4xx_hal_tim.o
    0x0800350e   0x000000cc   Code   RO         1162    i.HAL_TIM_PWM_ConfigChannel  stm32f4xx_hal_tim.o
    0x080035da   0x0000005a   Code   RO         1165    i.HAL_TIM_PWM_Init  stm32f4xx_hal_tim.o
    0x08003634   0x00000002   Code   RO         1167    i.HAL_TIM_PWM_MspInit  stm32f4xx_hal_tim.o
    0x08003636   0x00000002   Code   RO         1168    i.HAL_TIM_PWM_PulseFinishedCallback  stm32f4xx_hal_tim.o
    0x08003638   0x000000c8   Code   RO         1170    i.HAL_TIM_PWM_Start  stm32f4xx_hal_tim.o
    0x08003700   0x00000104   Code   RO          591    i.HAL_TIM_PeriodElapsedCallback  main.o
    0x08003804   0x00000002   Code   RO         1181    i.HAL_TIM_TriggerCallback  stm32f4xx_hal_tim.o
    0x08003806   0x0000004a   Code   RO         4068    i.HAL_UARTEx_ReceiveToIdle_DMA  stm32f4xx_hal_uart.o
    0x08003850   0x00000038   Code   RO          592    i.HAL_UARTEx_RxEventCallback  main.o
    0x08003888   0x00000002   Code   RO         4084    i.HAL_UART_ErrorCallback  stm32f4xx_hal_uart.o
    0x0800388a   0x0000000a   Code   RO         4086    i.HAL_UART_GetState  stm32f4xx_hal_uart.o
    0x08003894   0x00000280   Code   RO         4087    i.HAL_UART_IRQHandler  stm32f4xx_hal_uart.o
    0x08003b14   0x00000064   Code   RO         4088    i.HAL_UART_Init     stm32f4xx_hal_uart.o
    0x08003b78   0x0000012c   Code   RO          866    i.HAL_UART_MspInit  usart.o
    0x08003ca4   0x0000001c   Code   RO         4093    i.HAL_UART_Receive_IT  stm32f4xx_hal_uart.o
    0x08003cc0   0x00000098   Code   RO          420    i.HAL_UART_RxCpltCallback  rader.o
    0x08003d58   0x00000002   Code   RO         4095    i.HAL_UART_RxHalfCpltCallback  stm32f4xx_hal_uart.o
    0x08003d5a   0x000000a0   Code   RO         4096    i.HAL_UART_Transmit  stm32f4xx_hal_uart.o
    0x08003dfa   0x00000002   PAD
    0x08003dfc   0x00000084   Code   RO         4097    i.HAL_UART_Transmit_DMA  stm32f4xx_hal_uart.o
    0x08003e80   0x00000032   Code   RO         4098    i.HAL_UART_Transmit_IT  stm32f4xx_hal_uart.o
    0x08003eb2   0x00000002   Code   RO         4099    i.HAL_UART_TxCpltCallback  stm32f4xx_hal_uart.o
    0x08003eb4   0x00000002   Code   RO         4100    i.HAL_UART_TxHalfCpltCallback  stm32f4xx_hal_uart.o
    0x08003eb6   0x00000002   Code   RO          917    i.HardFault_Handler  stm32f4xx_it.o
    0x08003eb8   0x0000002e   Code   RO         3645    i.I2C_IsAcknowledgeFailed  stm32f4xx_hal_i2c.o
    0x08003ee6   0x00000002   PAD
    0x08003ee8   0x000000fc   Code   RO         3655    i.I2C_RequestMemoryRead  stm32f4xx_hal_i2c.o
    0x08003fe4   0x00000090   Code   RO         3661    i.I2C_WaitOnFlagUntilTimeout  stm32f4xx_hal_i2c.o
    0x08004074   0x000000bc   Code   RO         3662    i.I2C_WaitOnMasterAddressFlagUntilTimeout  stm32f4xx_hal_i2c.o
    0x08004130   0x00000070   Code   RO         3663    i.I2C_WaitOnRXNEFlagUntilTimeout  stm32f4xx_hal_i2c.o
    0x080041a0   0x00000056   Code   RO         3664    i.I2C_WaitOnTXEFlagUntilTimeout  stm32f4xx_hal_i2c.o
    0x080041f6   0x0000008a   Code   RO          492    i.Kalman_Filter     mpu6500.o
    0x08004280   0x00000158   Code   RO          421    i.LS_DataHandle     rader.o
    0x080043d8   0x0000008c   Code   RO          494    i.MPU6500_Read_Accel  mpu6500.o
    0x08004464   0x0000008c   Code   RO          495    i.MPU6500_Read_Gyro  mpu6500.o
    0x080044f0   0x00000064   Code   RO          681    i.MX_ADC1_Init      adc.o
    0x08004554   0x0000003c   Code   RO          721    i.MX_DMA_Init       dma.o
    0x08004590   0x0000004c   Code   RO          655    i.MX_GPIO_Init      gpio.o
    0x080045dc   0x00000040   Code   RO          747    i.MX_I2C1_Init      i2c.o
    0x0800461c   0x00000064   Code   RO          792    i.MX_TIM2_Init      tim.o
    0x08004680   0x000000cc   Code   RO          793    i.MX_TIM3_Init      tim.o
    0x0800474c   0x00000068   Code   RO          794    i.MX_TIM4_Init      tim.o
    0x080047b4   0x00000048   Code   RO          795    i.MX_TIM6_Init      tim.o
    0x080047fc   0x00000038   Code   RO          867    i.MX_USART3_UART_Init  usart.o
    0x08004834   0x00000038   Code   RO          868    i.MX_USART6_UART_Init  usart.o
    0x0800486c   0x00000002   Code   RO          918    i.MemManage_Handler  stm32f4xx_it.o
    0x0800486e   0x00000002   Code   RO          919    i.NMI_Handler       stm32f4xx_it.o
    0x08004870   0x0000007a   Code   RO          298    i.PID_Incremental_Calc  pid.o
    0x080048ea   0x00000002   PAD
    0x080048ec   0x00000024   Code   RO          299    i.PID_Init          pid.o
    0x08004910   0x00000002   Code   RO          920    i.PendSV_Handler    stm32f4xx_it.o
    0x08004912   0x00000002   Code   RO          921    i.SVC_Handler       stm32f4xx_it.o
    0x08004914   0x00000002   Code   RO          922    i.SysTick_Handler   stm32f4xx_it.o
    0x08004916   0x00000002   PAD
    0x08004918   0x00000098   Code   RO          593    i.SystemClock_Config  main.o
    0x080049b0   0x00000010   Code   RO         4422    i.SystemInit        system_stm32f4xx.o
    0x080049c0   0x0000000c   Code   RO          923    i.TIM1_UP_TIM10_IRQHandler  stm32f4xx_it.o
    0x080049cc   0x0000000c   Code   RO          924    i.TIM6_DAC_IRQHandler  stm32f4xx_it.o
    0x080049d8   0x000000d0   Code   RO         1183    i.TIM_Base_SetConfig  stm32f4xx_hal_tim.o
    0x08004aa8   0x0000001a   Code   RO         1184    i.TIM_CCxChannelCmd  stm32f4xx_hal_tim.o
    0x08004ac2   0x00000014   Code   RO         1194    i.TIM_ETR_SetConfig  stm32f4xx_hal_tim.o
    0x08004ad6   0x00000010   Code   RO         1195    i.TIM_ITRx_SetConfig  stm32f4xx_hal_tim.o
    0x08004ae6   0x00000002   PAD
    0x08004ae8   0x00000060   Code   RO         1196    i.TIM_OC1_SetConfig  stm32f4xx_hal_tim.o
    0x08004b48   0x0000006c   Code   RO         1197    i.TIM_OC2_SetConfig  stm32f4xx_hal_tim.o
    0x08004bb4   0x00000068   Code   RO         1198    i.TIM_OC3_SetConfig  stm32f4xx_hal_tim.o
    0x08004c1c   0x00000050   Code   RO         1199    i.TIM_OC4_SetConfig  stm32f4xx_hal_tim.o
    0x08004c6c   0x00000022   Code   RO         1201    i.TIM_TI1_ConfigInputStage  stm32f4xx_hal_tim.o
    0x08004c8e   0x00000024   Code   RO         1203    i.TIM_TI2_ConfigInputStage  stm32f4xx_hal_tim.o
    0x08004cb2   0x0000000e   Code   RO         4101    i.UART_DMAAbortOnError  stm32f4xx_hal_uart.o
    0x08004cc0   0x0000004a   Code   RO         4102    i.UART_DMAError     stm32f4xx_hal_uart.o
    0x08004d0a   0x00000086   Code   RO         4103    i.UART_DMAReceiveCplt  stm32f4xx_hal_uart.o
    0x08004d90   0x0000001e   Code   RO         4105    i.UART_DMARxHalfCplt  stm32f4xx_hal_uart.o
    0x08004dae   0x00000042   Code   RO         4107    i.UART_DMATransmitCplt  stm32f4xx_hal_uart.o
    0x08004df0   0x0000000a   Code   RO         4109    i.UART_DMATxHalfCplt  stm32f4xx_hal_uart.o
    0x08004dfa   0x0000004e   Code   RO         4111    i.UART_EndRxTransfer  stm32f4xx_hal_uart.o
    0x08004e48   0x0000001c   Code   RO         4112    i.UART_EndTxTransfer  stm32f4xx_hal_uart.o
    0x08004e64   0x000000c2   Code   RO         4113    i.UART_Receive_IT   stm32f4xx_hal_uart.o
    0x08004f26   0x00000002   PAD
    0x08004f28   0x0000010c   Code   RO         4114    i.UART_SetConfig    stm32f4xx_hal_uart.o
    0x08005034   0x000000a0   Code   RO         4115    i.UART_Start_Receive_DMA  stm32f4xx_hal_uart.o
    0x080050d4   0x00000036   Code   RO         4116    i.UART_Start_Receive_IT  stm32f4xx_hal_uart.o
    0x0800510a   0x00000072   Code   RO         4117    i.UART_WaitOnFlagUntilTimeout  stm32f4xx_hal_uart.o
    0x0800517c   0x0000000c   Code   RO          925    i.USART3_IRQHandler  stm32f4xx_it.o
    0x08005188   0x0000000c   Code   RO          926    i.USART6_IRQHandler  stm32f4xx_it.o
    0x08005194   0x00000002   Code   RO          927    i.UsageFault_Handler  stm32f4xx_it.o
    0x08005196   0x00000030   Code   RO         4659    i.__ARM_fpclassify  m_wm.l(fpclassify.o)
    0x080051c6   0x00000026   Code   RO         4580    i.__ARM_fpclassifyf  m_wm.l(fpclassifyf.o)
    0x080051ec   0x00000020   Code   RO         3201    i.__NVIC_SetPriority  stm32f4xx_hal_cortex.o
    0x0800520c   0x00000250   Code   RO         4529    i.__hardfp_atan2f   m_wm.l(atan2f.o)
    0x0800545c   0x0000003a   Code   RO         4541    i.__hardfp_sqrtf    m_wm.l(sqrtf.o)
    0x08005496   0x00000006   Code   RO         4584    i.__mathlib_flt_infnan2  m_wm.l(funder.o)
    0x0800549c   0x00000010   Code   RO         4588    i.__mathlib_flt_underflow  m_wm.l(funder.o)
    0x080054ac   0x0000000e   Code   RO         4484    i._is_digit         c_w.l(__printf_wp.o)
    0x080054ba   0x000000b0   Code   RO           14    i.fakemove          motor_control.o
    0x0800556a   0x00000042   Code   RO          548    i.increment__yaw_v  pid1.o
    0x080055ac   0x00000358   Code   RO          594    i.main              main.o
    0x08005904   0x00000016   Code   RO           15    i.motorAB_stop      motor_control.o
    0x0800591a   0x00000002   PAD
    0x0800591c   0x00000098   Code   RO           19    i.motorAmove        motor_control.o
    0x080059b4   0x0000008c   Code   RO           23    i.motorBmove        motor_control.o
    0x08005a40   0x00000026   Code   RO           24    i.motorReverse      motor_control.o
    0x08005a66   0x00000022   Code   RO           25    i.motorStraight     motor_control.o
    0x08005a88   0x00000020   Code   RO           26    i.motorTurnLeft     motor_control.o
    0x08005aa8   0x00000020   Code   RO           27    i.motorTurnRight    motor_control.o
    0x08005ac8   0x00000058   Code   RO           33    i.set_motor_speed   motor_control.o
    0x08005b20   0x0000002c   Code   RO         4655    locale$$code        c_w.l(lc_numeric_c.o)
    0x08005b4c   0x00000062   Code   RO         4505    x$fpl$d2f           fz_wm.l(d2f.o)
    0x08005bae   0x00000002   PAD
    0x08005bb0   0x00000150   Code   RO         4507    x$fpl$dadd          fz_wm.l(daddsub_clz.o)
    0x08005d00   0x000002b0   Code   RO         4514    x$fpl$ddiv          fz_wm.l(ddiv.o)
    0x08005fb0   0x0000002e   Code   RO         4518    x$fpl$dflt          fz_wm.l(dflt_clz.o)
    0x08005fde   0x00000026   Code   RO         4517    x$fpl$dfltu         fz_wm.l(dflt_clz.o)
    0x08006004   0x00000154   Code   RO         4523    x$fpl$dmul          fz_wm.l(dmul.o)
    0x08006158   0x0000009c   Code   RO         4571    x$fpl$dnaninf       fz_wm.l(dnaninf.o)
    0x080061f4   0x0000000c   Code   RO         4573    x$fpl$dretinf       fz_wm.l(dretinf.o)
    0x08006200   0x000001d4   Code   RO         4509    x$fpl$dsub          fz_wm.l(daddsub_clz.o)
    0x080063d4   0x00000056   Code   RO         4525    x$fpl$f2d           fz_wm.l(f2d.o)
    0x0800642a   0x0000008c   Code   RO         4575    x$fpl$fnaninf       fz_wm.l(fnaninf.o)
    0x080064b6   0x0000000a   Code   RO         4735    x$fpl$fpinit        fz_wm.l(fpinit.o)
    0x080064c0   0x0000000a   Code   RO         4577    x$fpl$fretinf       fz_wm.l(fretinf.o)
    0x080064ca   0x00000004   Code   RO         4527    x$fpl$printf1       fz_wm.l(printf1.o)
    0x080064ce   0x00000000   Code   RO         4579    x$fpl$usenofp       fz_wm.l(usenofp.o)
    0x080064ce   0x00000008   Data   RO         2897    .constdata          stm32f4xx_hal_dma.o
    0x080064d6   0x00000010   Data   RO         4423    .constdata          system_stm32f4xx.o
    0x080064e6   0x00000008   Data   RO         4424    .constdata          system_stm32f4xx.o
    0x080064ee   0x00000011   Data   RO         4492    .constdata          c_w.l(__printf_flags_ss_wp.o)
    0x080064ff   0x00000001   PAD
    0x08006500   0x00000094   Data   RO         4630    .constdata          c_w.l(bigflt0.o)
    0x08006594   0x00000020   Data   RO         4804    Region$$Table       anon$$obj.o
    0x080065b4   0x0000001c   Data   RO         4654    locale$$data        c_w.l(lc_numeric_c.o)


    Execution Region RW_IRAM1 (Base: 0x20000000, Size: 0x00001300, Max: 0x00020000, ABSOLUTE)

    Base Addr    Size         Type   Attr      Idx    E Section Name        Object

    0x20000000   0x00000008   Data   RW          373    .data               encoder.o
    0x20000008   0x0000000c   Data   RW          423    .data               rader.o
    0x20000014   0x00000024   Data   RW          602    .data               main.o
    0x20000038   0x00000024   Data   RW          603    .data               main.o
    0x2000005c   0x0000003c   Data   RW          605    .data               main.o
    0x20000098   0x0000000c   Data   RW         3360    .data               stm32f4xx_hal.o
    0x200000a4   0x00000004   Data   RW         4425    .data               system_stm32f4xx.o
    0x200000a8   0x0000083e   Zero   RW          422    .bss                rader.o
    0x200008e6   0x00000002   PAD
    0x200008e8   0x00000024   Zero   RW          550    .bss                pid1.o
    0x2000090c   0x0000003e   Zero   RW          595    .bss                main.o
    0x2000094a   0x00000002   PAD
    0x2000094c   0x00000048   Zero   RW          682    .bss                adc.o
    0x20000994   0x00000054   Zero   RW          748    .bss                i2c.o
    0x200009e8   0x00000120   Zero   RW          796    .bss                tim.o
    0x20000b08   0x00000150   Zero   RW          869    .bss                usart.o
    0x20000c58   0x00000048   Zero   RW         1052    .bss                stm32f4xx_hal_timebase_tim.o
    0x20000ca0   0x00000060   Zero   RW         4662    .bss                c_w.l(libspace.o)
    0x20000d00   0x00000200   Zero   RW            2    HEAP                startup_stm32f446xx.o
    0x20000f00   0x00000400   Zero   RW            1    STACK               startup_stm32f446xx.o


==============================================================================

Image component sizes


      Code (inc. data)   RO Data    RW Data    ZI Data      Debug   Object Name

       196         24          0          0         72       1765   adc.o
        60          4          0          0          0        814   dma.o
       152         52          0          8          0       1396   encoder.o
        76          6          0          0          0        899   gpio.o
       172         28          0          0         84       1737   i2c.o
      1328        246          0        132         62       5672   main.o
       714         56          0          0          0     741810   motor_control.o
       722         56          0          0          0       4746   mpu6500.o
       158          6          0          0          0       1730   pid.o
        66          0          0          0         36       1639   pid1.o
       616         60          0         12       2110       3023   rader.o
        64         26        452          0       1536        860   startup_stm32f446xx.o
       116         18          0         12          0       8682   stm32f4xx_hal.o
       988         58          0          0          0       3835   stm32f4xx_hal_adc.o
       158         14          0          0          0      33098   stm32f4xx_hal_cortex.o
      1084         16          8          0          0       7482   stm32f4xx_hal_dma.o
       476         40          0          0          0       1556   stm32f4xx_hal_gpio.o
      1736         36          0          0          0      10218   stm32f4xx_hal_i2c.o
        48          6          0          0          0        890   stm32f4xx_hal_msp.o
       436         54          0          0          0       3643   stm32f4xx_hal_rcc.o
      1068         28          0          0          0       2858   stm32f4xx_hal_rcc_ex.o
      2280        136          0          0          0      19405   stm32f4xx_hal_tim.o
       148         28          0          0          0       2545   stm32f4xx_hal_tim_ex.o
       140         22          0          0         72       1467   stm32f4xx_hal_timebase_tim.o
      2426         40          0          0          0      20326   stm32f4xx_hal_uart.o
        90         36          0          0          0       7235   stm32f4xx_it.o
        16          4         24          4          0       1175   system_stm32f4xx.o
       848         72          0          0        288       5357   tim.o
       412         40          0          0        336       2677   usart.o

    ----------------------------------------------------------------------
     16820       1212        516        168       4600     898540   Object Totals
         0          0         32          0          0          0   (incl. Generated)
        26          0          0          0          4          0   (incl. Padding)

    ----------------------------------------------------------------------

      Code (inc. data)   RO Data    RW Data    ZI Data      Debug   Library Member Name

         8          0          0          0          0         68   __main.o
       392          4         17          0          0         92   __printf_flags_ss_wp.o
        14          0          0          0          0         68   __printf_wp.o
         0          0          0          0          0          0   __rtentry.o
        12          0          0          0          0          0   __rtentry2.o
         6          0          0          0          0          0   __rtentry4.o
        52          8          0          0          0          0   __scatter.o
        26          0          0          0          0          0   __scatter_copy.o
        28          0          0          0          0          0   __scatter_zi.o
        48          6          0          0          0         96   _printf_char_common.o
         6          0          0          0          0          0   _printf_d.o
       120         16          0          0          0         92   _printf_dec.o
         6          0          0          0          0          0   _printf_f.o
      1054          0          0          0          0        216   _printf_fp_dec.o
       128         16          0          0          0         84   _printf_fp_infnan.o
       178          0          0          0          0         88   _printf_intcommon.o
        78          0          0          0          0        108   _printf_pad.o
         0          0          0          0          0          0   _printf_percent.o
         4          0          0          0          0          0   _printf_percent_end.o
        22          0          0          0          0        100   _rserrno.o
        16          0          0          0          0         68   _snputc.o
        10          0          0          0          0         68   _sputc.o
       228          4        148          0          0         96   bigflt0.o
      1936        128          0          0          0        672   btod.o
        18          0          0          0          0         80   exit.o
         6          0          0          0          0        152   heapauxi.o
         0          0          0          0          0          0   indicate_semi.o
        44         10         28          0          0         76   lc_numeric_c.o
         2          0          0          0          0          0   libinit.o
        22          0          0          0          0          0   libinit2.o
         2          0          0          0          0          0   libshutdown.o
         2          0          0          0          0          0   libshutdown2.o
         8          4          0          0         96         68   libspace.o
       138          0          0          0          0         80   lludiv10.o
       238          0          0          0          0        100   lludivv7m.o
        52          4          0          0          0         84   noretval__2snprintf.o
        40          6          0          0          0         84   noretval__2sprintf.o
         8          4          0          0          0         68   rt_errno_addr_intlibspace.o
         8          4          0          0          0         68   rt_locale_intlibspace.o
        78          0          0          0          0         80   rt_memclr_w.o
         2          0          0          0          0          0   rtexit.o
        10          0          0          0          0          0   rtexit2.o
       128          0          0          0          0         68   strcmpv7m.o
        62          0          0          0          0         76   strlen.o
        12          4          0          0          0         68   sys_exit.o
        74          0          0          0          0         80   sys_stackheap_outer.o
         2          0          0          0          0         68   use_no_semi.o
        98          4          0          0          0        140   d2f.o
       804         16          0          0          0        368   daddsub_clz.o
       688        140          0          0          0        256   ddiv.o
        84          0          0          0          0        232   dflt_clz.o
       340         12          0          0          0        152   dmul.o
       156          4          0          0          0        140   dnaninf.o
        12          0          0          0          0        116   dretinf.o
        86          4          0          0          0        132   f2d.o
       140          4          0          0          0        132   fnaninf.o
        10          0          0          0          0        116   fpinit.o
        10          0          0          0          0        116   fretinf.o
         4          0          0          0          0        116   printf1.o
         0          0          0          0          0          0   usenofp.o
       592         90          0          0          0        184   atan2f.o
        48          0          0          0          0        124   fpclassify.o
        38          0          0          0          0        116   fpclassifyf.o
        22          6          0          0          0        232   funder.o
        58          0          0          0          0        136   sqrtf.o

    ----------------------------------------------------------------------
      8534        498        194          0         96       6024   Library Totals
        16          0          1          0          0          0   (incl. Padding)

    ----------------------------------------------------------------------

      Code (inc. data)   RO Data    RW Data    ZI Data      Debug   Library Name

      5328        218        193          0         96       3216   c_w.l
      2432        184          0          0          0       2016   fz_wm.l
       758         96          0          0          0        792   m_wm.l

    ----------------------------------------------------------------------
      8534        498        194          0         96       6024   Library Totals

    ----------------------------------------------------------------------

==============================================================================


      Code (inc. data)   RO Data    RW Data    ZI Data      Debug   

     25354       1710        710        168       4696     887196   Grand Totals
     25354       1710        710        168       4696     887196   ELF Image Totals
     25354       1710        710        168          0          0   ROM Totals

==============================================================================

    Total RO  Size (Code + RO Data)                26064 (  25.45kB)
    Total RW  Size (RW Data + ZI Data)              4864 (   4.75kB)
    Total ROM Size (Code + RO Data + RW Data)      26232 (  25.62kB)

==============================================================================

